
> clase-ucc@0.1.0 test
> jest --passWithNoTests --passWithNoTests

npm : PASS src/components/Navbar.test.tsx (7.904 s)
En línea: 1 Carácter: 50
+ ... odriguez\ProyectoCalidad"; npm test -- --passWithNoTests 2>&1 | Tee-O ...
+                                ~~~~~~~~~~~~~~~~~~~~~~~~~~~~~~~~~~
    + CategoryInfo          : NotSpecified: (PASS src/compon...t.tsx (7.904 s):String) [], Remot 
   eException
    + FullyQualifiedErrorId : NativeCommandError
 
PASS src/components/UnitConverter.test.tsx (8.156 s)
PASS src/components/MultiplicationTable.test.tsx (8.098 s)
  ÔùÅ Console

    console.log
      [
         5, 10, 15, 20, 25,
        30, 35, 40, 45, 50
      ]

      at generateTable (src/components/MultiplicationTable.tsx:11:13)

PASS src/components/ClickCounter.test.tsx (8.077 s)
PASS src/components/PasswordValidator.test.tsx (8.208 s)
  ÔùÅ Console

    console.log
      false

      at src/components/PasswordValidator.tsx:43:23
          at Array.map (<anonymous>)

    console.log
      false

      at src/components/PasswordValidator.tsx:43:23
          at Array.map (<anonymous>)

    console.log
      false

      at src/components/PasswordValidator.tsx:43:23
          at Array.map (<anonymous>)

    console.log
      false

      at src/components/PasswordValidator.tsx:43:23
          at Array.map (<anonymous>)

    console.log
      false

      at src/components/PasswordValidator.tsx:43:23
          at Array.map (<anonymous>)

    console.log
      false

      at src/components/PasswordValidator.tsx:43:23
          at Array.map (<anonymous>)

    console.log
      true

      at src/components/PasswordValidator.tsx:43:23
          at Array.map (<anonymous>)

    console.log
      true

      at src/components/PasswordValidator.tsx:43:23
          at Array.map (<anonymous>)

    console.log
      true

      at src/components/PasswordValidator.tsx:43:23
          at Array.map (<anonymous>)

    console.log
      false

      at src/components/PasswordValidator.tsx:43:23
          at Array.map (<anonymous>)

    console.log
      false

      at src/components/PasswordValidator.tsx:43:23
          at Array.map (<anonymous>)

    console.log
      false

      at src/components/PasswordValidator.tsx:43:23
          at Array.map (<anonymous>)

    console.log
      true

      at src/components/PasswordValidator.tsx:43:23
          at Array.map (<anonymous>)

    console.log
      true

      at src/components/PasswordValidator.tsx:43:23
          at Array.map (<anonymous>)

    console.log
      false

      at src/components/PasswordValidator.tsx:43:23
          at Array.map (<anonymous>)

PASS src/components/TodoList.test.tsx (8.287 s)
FAIL src/components/SistemaSolar3D.test.tsx (8.349 s)
  ÔùÅ Console

    console.error
      Error: Not implemented: HTMLCanvasElement.prototype.getContext (without installing the 
canvas npm package)
          at module.exports (C:\Users\jiliana rodriguez\ProyectoCalidad\node_modules\jest-environ
ment-jsdom\node_modules\jsdom\lib\jsdom\browser\not-implemented.js:9:17)
          at HTMLCanvasElementImpl.getContext (C:\Users\jiliana rodriguez\ProyectoCalidad\node_mo
dules\jest-environment-jsdom\node_modules\jsdom\lib\jsdom\living\nodes\HTMLCanvasElement-impl.js:
42:5)
          at HTMLCanvasElement.getContext (C:\Users\jiliana rodriguez\ProyectoCalidad\node_module
s\jest-environment-jsdom\node_modules\jsdom\lib\jsdom\living\generated\HTMLCanvasElement.js:131:5
8)
          at C:\Users\jiliana rodriguez\ProyectoCalidad\src\components\SistemaSolar3D.tsx:139:24
          at Object.react_stack_bottom_frame (C:\Users\jiliana 
rodriguez\ProyectoCalidad\node_modules\react-dom\cjs\react-dom-client.development.js:25989:20)
          at runWithFiberInDEV (C:\Users\jiliana 
rodriguez\ProyectoCalidad\node_modules\react-dom\cjs\react-dom-client.development.js:874:13)
          at commitHookEffectListMount (C:\Users\jiliana 
rodriguez\ProyectoCalidad\node_modules\react-dom\cjs\react-dom-client.development.js:13249:29)
          at commitHookPassiveMountEffects (C:\Users\jiliana 
rodriguez\ProyectoCalidad\node_modules\react-dom\cjs\react-dom-client.development.js:13336:11)
          at commitPassiveMountOnFiber (C:\Users\jiliana 
rodriguez\ProyectoCalidad\node_modules\react-dom\cjs\react-dom-client.development.js:15484:13)
          at recursivelyTraversePassiveMountEffects (C:\Users\jiliana 
rodriguez\ProyectoCalidad\node_modules\react-dom\cjs\react-dom-client.development.js:15439:11)
          at commitPassiveMountOnFiber (C:\Users\jiliana 
rodriguez\ProyectoCalidad\node_modules\react-dom\cjs\react-dom-client.development.js:15519:11)
          at flushPassiveEffects (C:\Users\jiliana 
rodriguez\ProyectoCalidad\node_modules\react-dom\cjs\react-dom-client.development.js:18432:9)
          at C:\Users\jiliana 
rodriguez\ProyectoCalidad\node_modules\react-dom\cjs\react-dom-client.development.js:17923:15
          at flushActQueue (C:\Users\jiliana 
rodriguez\ProyectoCalidad\node_modules\react\cjs\react.development.js:590:34)
          at process.env.NODE_ENV.exports.act (C:\Users\jiliana 
rodriguez\ProyectoCalidad\node_modules\react\cjs\react.development.js:884:10)
          at C:\Users\jiliana 
rodriguez\ProyectoCalidad\node_modules\@testing-library\react\dist\act-compat.js:47:25
          at renderRoot (C:\Users\jiliana 
rodriguez\ProyectoCalidad\node_modules\@testing-library\react\dist\pure.js:190:26)
          at render (C:\Users\jiliana 
rodriguez\ProyectoCalidad\node_modules\@testing-library\react\dist\pure.js:292:10)
          at Object.<anonymous> (C:\Users\jiliana 
rodriguez\ProyectoCalidad\src\components\SistemaSolar3D.test.tsx:18:11)
          at Promise.finally.completed (C:\Users\jiliana 
rodriguez\ProyectoCalidad\node_modules\jest-circus\build\jestAdapterInit.js:1557:28)
          at new Promise (<anonymous>)
          at callAsyncCircusFn (C:\Users\jiliana 
rodriguez\ProyectoCalidad\node_modules\jest-circus\build\jestAdapterInit.js:1497:10)
          at _callCircusTest (C:\Users\jiliana 
rodriguez\ProyectoCalidad\node_modules\jest-circus\build\jestAdapterInit.js:1007:40)
          at processTicksAndRejections (node:internal/process/task_queues:95:5)
          at _runTest (C:\Users\jiliana 
rodriguez\ProyectoCalidad\node_modules\jest-circus\build\jestAdapterInit.js:947:3)
          at C:\Users\jiliana 
rodriguez\ProyectoCalidad\node_modules\jest-circus\build\jestAdapterInit.js:849:7
          at _runTestsForDescribeBlock (C:\Users\jiliana 
rodriguez\ProyectoCalidad\node_modules\jest-circus\build\jestAdapterInit.js:862:11)
          at _runTestsForDescribeBlock (C:\Users\jiliana 
rodriguez\ProyectoCalidad\node_modules\jest-circus\build\jestAdapterInit.js:857:11)
          at run (C:\Users\jiliana 
rodriguez\ProyectoCalidad\node_modules\jest-circus\build\jestAdapterInit.js:761:3)
          at runAndTransformResultsToJestFormat (C:\Users\jiliana 
rodriguez\ProyectoCalidad\node_modules\jest-circus\build\jestAdapterInit.js:1918:21)
          at jestAdapter (C:\Users\jiliana 
rodriguez\ProyectoCalidad\node_modules\jest-circus\build\runner.js:101:19)
          at runTestInternal (C:\Users\jiliana 
rodriguez\ProyectoCalidad\node_modules\jest-runner\build\testWorker.js:275:16)
          at runTest (C:\Users\jiliana 
rodriguez\ProyectoCalidad\node_modules\jest-runner\build\testWorker.js:343:7)
          at Object.worker (C:\Users\jiliana 
rodriguez\ProyectoCalidad\node_modules\jest-runner\build\testWorker.js:497:12) {
        type: 'not implemented'
      }

    [0m [90m 137 |[39m     [36mconst[39m canvas [33m=[39m 
canvasRef[33m.[39mcurrent[33m;[39m
     [90m 138 |[39m     [36mif[39m ([33m![39mcanvas) [36mreturn[39m[33m;[39m
    [31m[1m>[22m[39m[90m 139 |[39m     [36mconst[39m ctx [33m=[39m 
canvas[33m.[39mgetContext([32m"2d"[39m)[33m;[39m
     [90m     |[39m                        [31m[1m^[22m[39m
     [90m 140 |[39m     [36mif[39m ([33m![39mctx) [36mreturn[39m[33m;[39m
     [90m 141 |[39m
     [90m 142 |[39m     [36mconst[39m animate [33m=[39m () [33m=>[39m {[0m

      at VirtualConsole.<anonymous> 
(node_modules/@jest/environment-jsdom-abstract/build/index.js:78:23)
      at src/components/SistemaSolar3D.tsx:139:24
      at Object.react_stack_bottom_frame 
(node_modules/react-dom/cjs/react-dom-client.development.js:25989:20)
      at runWithFiberInDEV (node_modules/react-dom/cjs/react-dom-client.development.js:874:13)
      at commitHookEffectListMount 
(node_modules/react-dom/cjs/react-dom-client.development.js:13249:29)
      at commitHookPassiveMountEffects 
(node_modules/react-dom/cjs/react-dom-client.development.js:13336:11)
      at commitPassiveMountOnFiber 
(node_modules/react-dom/cjs/react-dom-client.development.js:15484:13)
      at recursivelyTraversePassiveMountEffects 
(node_modules/react-dom/cjs/react-dom-client.development.js:15439:11)
      at commitPassiveMountOnFiber 
(node_modules/react-dom/cjs/react-dom-client.development.js:15519:11)
      at flushPassiveEffects (node_modules/react-dom/cjs/react-dom-client.development.js:18432:9)
      at node_modules/react-dom/cjs/react-dom-client.development.js:17923:15
      at flushActQueue (node_modules/react/cjs/react.development.js:590:34)
      at process.env.NODE_ENV.exports.act (node_modules/react/cjs/react.development.js:884:10)
      at node_modules/@testing-library/react/dist/act-compat.js:47:25
      at renderRoot (node_modules/@testing-library/react/dist/pure.js:190:26)
      at render (node_modules/@testing-library/react/dist/pure.js:292:10)
      at Object.<anonymous> (src/components/SistemaSolar3D.test.tsx:18:11)

    console.error
      Error: Not implemented: HTMLCanvasElement.prototype.getContext (without installing the 
canvas npm package)
          at module.exports (C:\Users\jiliana rodriguez\ProyectoCalidad\node_modules\jest-environ
ment-jsdom\node_modules\jsdom\lib\jsdom\browser\not-implemented.js:9:17)
          at HTMLCanvasElementImpl.getContext (C:\Users\jiliana rodriguez\ProyectoCalidad\node_mo
dules\jest-environment-jsdom\node_modules\jsdom\lib\jsdom\living\nodes\HTMLCanvasElement-impl.js:
42:5)
          at HTMLCanvasElement.getContext (C:\Users\jiliana rodriguez\ProyectoCalidad\node_module
s\jest-environment-jsdom\node_modules\jsdom\lib\jsdom\living\generated\HTMLCanvasElement.js:131:5
8)
          at C:\Users\jiliana rodriguez\ProyectoCalidad\src\components\SistemaSolar3D.tsx:139:24
          at Object.react_stack_bottom_frame (C:\Users\jiliana 
rodriguez\ProyectoCalidad\node_modules\react-dom\cjs\react-dom-client.development.js:25989:20)
          at runWithFiberInDEV (C:\Users\jiliana 
rodriguez\ProyectoCalidad\node_modules\react-dom\cjs\react-dom-client.development.js:874:13)
          at commitHookEffectListMount (C:\Users\jiliana 
rodriguez\ProyectoCalidad\node_modules\react-dom\cjs\react-dom-client.development.js:13249:29)
          at commitHookPassiveMountEffects (C:\Users\jiliana 
rodriguez\ProyectoCalidad\node_modules\react-dom\cjs\react-dom-client.development.js:13336:11)
          at commitPassiveMountOnFiber (C:\Users\jiliana 
rodriguez\ProyectoCalidad\node_modules\react-dom\cjs\react-dom-client.development.js:15484:13)
          at recursivelyTraversePassiveMountEffects (C:\Users\jiliana 
rodriguez\ProyectoCalidad\node_modules\react-dom\cjs\react-dom-client.development.js:15439:11)
          at commitPassiveMountOnFiber (C:\Users\jiliana 
rodriguez\ProyectoCalidad\node_modules\react-dom\cjs\react-dom-client.development.js:15519:11)
          at flushPassiveEffects (C:\Users\jiliana 
rodriguez\ProyectoCalidad\node_modules\react-dom\cjs\react-dom-client.development.js:18432:9)
          at C:\Users\jiliana 
rodriguez\ProyectoCalidad\node_modules\react-dom\cjs\react-dom-client.development.js:17923:15
          at flushActQueue (C:\Users\jiliana 
rodriguez\ProyectoCalidad\node_modules\react\cjs\react.development.js:590:34)
          at process.env.NODE_ENV.exports.act (C:\Users\jiliana 
rodriguez\ProyectoCalidad\node_modules\react\cjs\react.development.js:884:10)
          at C:\Users\jiliana 
rodriguez\ProyectoCalidad\node_modules\@testing-library\react\dist\act-compat.js:47:25
          at renderRoot (C:\Users\jiliana 
rodriguez\ProyectoCalidad\node_modules\@testing-library\react\dist\pure.js:190:26)
          at render (C:\Users\jiliana 
rodriguez\ProyectoCalidad\node_modules\@testing-library\react\dist\pure.js:292:10)
          at Object.<anonymous> (C:\Users\jiliana 
rodriguez\ProyectoCalidad\src\components\SistemaSolar3D.test.tsx:25:11)
          at Promise.finally.completed (C:\Users\jiliana 
rodriguez\ProyectoCalidad\node_modules\jest-circus\build\jestAdapterInit.js:1557:28)
          at new Promise (<anonymous>)
          at callAsyncCircusFn (C:\Users\jiliana 
rodriguez\ProyectoCalidad\node_modules\jest-circus\build\jestAdapterInit.js:1497:10)
          at _callCircusTest (C:\Users\jiliana 
rodriguez\ProyectoCalidad\node_modules\jest-circus\build\jestAdapterInit.js:1007:40)
          at processTicksAndRejections (node:internal/process/task_queues:95:5)
          at _runTest (C:\Users\jiliana 
rodriguez\ProyectoCalidad\node_modules\jest-circus\build\jestAdapterInit.js:947:3)
          at C:\Users\jiliana 
rodriguez\ProyectoCalidad\node_modules\jest-circus\build\jestAdapterInit.js:849:7
          at _runTestsForDescribeBlock (C:\Users\jiliana 
rodriguez\ProyectoCalidad\node_modules\jest-circus\build\jestAdapterInit.js:862:11)
          at _runTestsForDescribeBlock (C:\Users\jiliana 
rodriguez\ProyectoCalidad\node_modules\jest-circus\build\jestAdapterInit.js:857:11)
          at run (C:\Users\jiliana 
rodriguez\ProyectoCalidad\node_modules\jest-circus\build\jestAdapterInit.js:761:3)
          at runAndTransformResultsToJestFormat (C:\Users\jiliana 
rodriguez\ProyectoCalidad\node_modules\jest-circus\build\jestAdapterInit.js:1918:21)
          at jestAdapter (C:\Users\jiliana 
rodriguez\ProyectoCalidad\node_modules\jest-circus\build\runner.js:101:19)
          at runTestInternal (C:\Users\jiliana 
rodriguez\ProyectoCalidad\node_modules\jest-runner\build\testWorker.js:275:16)
          at runTest (C:\Users\jiliana 
rodriguez\ProyectoCalidad\node_modules\jest-runner\build\testWorker.js:343:7)
          at Object.worker (C:\Users\jiliana 
rodriguez\ProyectoCalidad\node_modules\jest-runner\build\testWorker.js:497:12) {
        type: 'not implemented'
      }

    [0m [90m 137 |[39m     [36mconst[39m canvas [33m=[39m 
canvasRef[33m.[39mcurrent[33m;[39m
     [90m 138 |[39m     [36mif[39m ([33m![39mcanvas) [36mreturn[39m[33m;[39m
    [31m[1m>[22m[39m[90m 139 |[39m     [36mconst[39m ctx [33m=[39m 
canvas[33m.[39mgetContext([32m"2d"[39m)[33m;[39m
     [90m     |[39m                        [31m[1m^[22m[39m
     [90m 140 |[39m     [36mif[39m ([33m![39mctx) [36mreturn[39m[33m;[39m
     [90m 141 |[39m
     [90m 142 |[39m     [36mconst[39m animate [33m=[39m () [33m=>[39m {[0m

      at VirtualConsole.<anonymous> 
(node_modules/@jest/environment-jsdom-abstract/build/index.js:78:23)
      at src/components/SistemaSolar3D.tsx:139:24
      at Object.react_stack_bottom_frame 
(node_modules/react-dom/cjs/react-dom-client.development.js:25989:20)
      at runWithFiberInDEV (node_modules/react-dom/cjs/react-dom-client.development.js:874:13)
      at commitHookEffectListMount 
(node_modules/react-dom/cjs/react-dom-client.development.js:13249:29)
      at commitHookPassiveMountEffects 
(node_modules/react-dom/cjs/react-dom-client.development.js:13336:11)
      at commitPassiveMountOnFiber 
(node_modules/react-dom/cjs/react-dom-client.development.js:15484:13)
      at recursivelyTraversePassiveMountEffects 
(node_modules/react-dom/cjs/react-dom-client.development.js:15439:11)
      at commitPassiveMountOnFiber 
(node_modules/react-dom/cjs/react-dom-client.development.js:15519:11)
      at flushPassiveEffects (node_modules/react-dom/cjs/react-dom-client.development.js:18432:9)
      at node_modules/react-dom/cjs/react-dom-client.development.js:17923:15
      at flushActQueue (node_modules/react/cjs/react.development.js:590:34)
      at process.env.NODE_ENV.exports.act (node_modules/react/cjs/react.development.js:884:10)
      at node_modules/@testing-library/react/dist/act-compat.js:47:25
      at renderRoot (node_modules/@testing-library/react/dist/pure.js:190:26)
      at render (node_modules/@testing-library/react/dist/pure.js:292:10)
      at Object.<anonymous> (src/components/SistemaSolar3D.test.tsx:25:11)

    console.error
      Error: Not implemented: HTMLCanvasElement.prototype.getContext (without installing the 
canvas npm package)
          at module.exports (C:\Users\jiliana rodriguez\ProyectoCalidad\node_modules\jest-environ
ment-jsdom\node_modules\jsdom\lib\jsdom\browser\not-implemented.js:9:17)
          at HTMLCanvasElementImpl.getContext (C:\Users\jiliana rodriguez\ProyectoCalidad\node_mo
dules\jest-environment-jsdom\node_modules\jsdom\lib\jsdom\living\nodes\HTMLCanvasElement-impl.js:
42:5)
          at HTMLCanvasElement.getContext (C:\Users\jiliana rodriguez\ProyectoCalidad\node_module
s\jest-environment-jsdom\node_modules\jsdom\lib\jsdom\living\generated\HTMLCanvasElement.js:131:5
8)
          at C:\Users\jiliana rodriguez\ProyectoCalidad\src\components\SistemaSolar3D.tsx:139:24
          at Object.react_stack_bottom_frame (C:\Users\jiliana 
rodriguez\ProyectoCalidad\node_modules\react-dom\cjs\react-dom-client.development.js:25989:20)
          at runWithFiberInDEV (C:\Users\jiliana 
rodriguez\ProyectoCalidad\node_modules\react-dom\cjs\react-dom-client.development.js:874:13)
          at commitHookEffectListMount (C:\Users\jiliana 
rodriguez\ProyectoCalidad\node_modules\react-dom\cjs\react-dom-client.development.js:13249:29)
          at commitHookPassiveMountEffects (C:\Users\jiliana 
rodriguez\ProyectoCalidad\node_modules\react-dom\cjs\react-dom-client.development.js:13336:11)
          at commitPassiveMountOnFiber (C:\Users\jiliana 
rodriguez\ProyectoCalidad\node_modules\react-dom\cjs\react-dom-client.development.js:15484:13)
          at recursivelyTraversePassiveMountEffects (C:\Users\jiliana 
rodriguez\ProyectoCalidad\node_modules\react-dom\cjs\react-dom-client.development.js:15439:11)
          at commitPassiveMountOnFiber (C:\Users\jiliana 
rodriguez\ProyectoCalidad\node_modules\react-dom\cjs\react-dom-client.development.js:15519:11)
          at flushPassiveEffects (C:\Users\jiliana 
rodriguez\ProyectoCalidad\node_modules\react-dom\cjs\react-dom-client.development.js:18432:9)
          at C:\Users\jiliana 
rodriguez\ProyectoCalidad\node_modules\react-dom\cjs\react-dom-client.development.js:17923:15
          at flushActQueue (C:\Users\jiliana 
rodriguez\ProyectoCalidad\node_modules\react\cjs\react.development.js:590:34)
          at process.env.NODE_ENV.exports.act (C:\Users\jiliana 
rodriguez\ProyectoCalidad\node_modules\react\cjs\react.development.js:884:10)
          at C:\Users\jiliana 
rodriguez\ProyectoCalidad\node_modules\@testing-library\react\dist\act-compat.js:47:25
          at renderRoot (C:\Users\jiliana 
rodriguez\ProyectoCalidad\node_modules\@testing-library\react\dist\pure.js:190:26)
          at render (C:\Users\jiliana 
rodriguez\ProyectoCalidad\node_modules\@testing-library\react\dist\pure.js:292:10)
          at Object.<anonymous> (C:\Users\jiliana 
rodriguez\ProyectoCalidad\src\components\SistemaSolar3D.test.tsx:34:11)
          at Promise.finally.completed (C:\Users\jiliana 
rodriguez\ProyectoCalidad\node_modules\jest-circus\build\jestAdapterInit.js:1557:28)
          at new Promise (<anonymous>)
          at callAsyncCircusFn (C:\Users\jiliana 
rodriguez\ProyectoCalidad\node_modules\jest-circus\build\jestAdapterInit.js:1497:10)
          at _callCircusTest (C:\Users\jiliana 
rodriguez\ProyectoCalidad\node_modules\jest-circus\build\jestAdapterInit.js:1007:40)
          at processTicksAndRejections (node:internal/process/task_queues:95:5)
          at _runTest (C:\Users\jiliana 
rodriguez\ProyectoCalidad\node_modules\jest-circus\build\jestAdapterInit.js:947:3)
          at C:\Users\jiliana 
rodriguez\ProyectoCalidad\node_modules\jest-circus\build\jestAdapterInit.js:849:7
          at _runTestsForDescribeBlock (C:\Users\jiliana 
rodriguez\ProyectoCalidad\node_modules\jest-circus\build\jestAdapterInit.js:862:11)
          at _runTestsForDescribeBlock (C:\Users\jiliana 
rodriguez\ProyectoCalidad\node_modules\jest-circus\build\jestAdapterInit.js:857:11)
          at run (C:\Users\jiliana 
rodriguez\ProyectoCalidad\node_modules\jest-circus\build\jestAdapterInit.js:761:3)
          at runAndTransformResultsToJestFormat (C:\Users\jiliana 
rodriguez\ProyectoCalidad\node_modules\jest-circus\build\jestAdapterInit.js:1918:21)
          at jestAdapter (C:\Users\jiliana 
rodriguez\ProyectoCalidad\node_modules\jest-circus\build\runner.js:101:19)
          at runTestInternal (C:\Users\jiliana 
rodriguez\ProyectoCalidad\node_modules\jest-runner\build\testWorker.js:275:16)
          at runTest (C:\Users\jiliana 
rodriguez\ProyectoCalidad\node_modules\jest-runner\build\testWorker.js:343:7)
          at Object.worker (C:\Users\jiliana 
rodriguez\ProyectoCalidad\node_modules\jest-runner\build\testWorker.js:497:12) {
        type: 'not implemented'
      }

    [0m [90m 137 |[39m     [36mconst[39m canvas [33m=[39m 
canvasRef[33m.[39mcurrent[33m;[39m
     [90m 138 |[39m     [36mif[39m ([33m![39mcanvas) [36mreturn[39m[33m;[39m
    [31m[1m>[22m[39m[90m 139 |[39m     [36mconst[39m ctx [33m=[39m 
canvas[33m.[39mgetContext([32m"2d"[39m)[33m;[39m
     [90m     |[39m                        [31m[1m^[22m[39m
     [90m 140 |[39m     [36mif[39m ([33m![39mctx) [36mreturn[39m[33m;[39m
     [90m 141 |[39m
     [90m 142 |[39m     [36mconst[39m animate [33m=[39m () [33m=>[39m {[0m

      at VirtualConsole.<anonymous> 
(node_modules/@jest/environment-jsdom-abstract/build/index.js:78:23)
      at src/components/SistemaSolar3D.tsx:139:24
      at Object.react_stack_bottom_frame 
(node_modules/react-dom/cjs/react-dom-client.development.js:25989:20)
      at runWithFiberInDEV (node_modules/react-dom/cjs/react-dom-client.development.js:874:13)
      at commitHookEffectListMount 
(node_modules/react-dom/cjs/react-dom-client.development.js:13249:29)
      at commitHookPassiveMountEffects 
(node_modules/react-dom/cjs/react-dom-client.development.js:13336:11)
      at commitPassiveMountOnFiber 
(node_modules/react-dom/cjs/react-dom-client.development.js:15484:13)
      at recursivelyTraversePassiveMountEffects 
(node_modules/react-dom/cjs/react-dom-client.development.js:15439:11)
      at commitPassiveMountOnFiber 
(node_modules/react-dom/cjs/react-dom-client.development.js:15519:11)
      at flushPassiveEffects (node_modules/react-dom/cjs/react-dom-client.development.js:18432:9)
      at node_modules/react-dom/cjs/react-dom-client.development.js:17923:15
      at flushActQueue (node_modules/react/cjs/react.development.js:590:34)
      at process.env.NODE_ENV.exports.act (node_modules/react/cjs/react.development.js:884:10)
      at node_modules/@testing-library/react/dist/act-compat.js:47:25
      at renderRoot (node_modules/@testing-library/react/dist/pure.js:190:26)
      at render (node_modules/@testing-library/react/dist/pure.js:292:10)
      at Object.<anonymous> (src/components/SistemaSolar3D.test.tsx:34:11)

    console.error
      Error: Not implemented: HTMLCanvasElement.prototype.getContext (without installing the 
canvas npm package)
          at module.exports (C:\Users\jiliana rodriguez\ProyectoCalidad\node_modules\jest-environ
ment-jsdom\node_modules\jsdom\lib\jsdom\browser\not-implemented.js:9:17)
          at HTMLCanvasElementImpl.getContext (C:\Users\jiliana rodriguez\ProyectoCalidad\node_mo
dules\jest-environment-jsdom\node_modules\jsdom\lib\jsdom\living\nodes\HTMLCanvasElement-impl.js:
42:5)
          at HTMLCanvasElement.getContext (C:\Users\jiliana rodriguez\ProyectoCalidad\node_module
s\jest-environment-jsdom\node_modules\jsdom\lib\jsdom\living\generated\HTMLCanvasElement.js:131:5
8)
          at C:\Users\jiliana rodriguez\ProyectoCalidad\src\components\SistemaSolar3D.tsx:139:24
          at Object.react_stack_bottom_frame (C:\Users\jiliana 
rodriguez\ProyectoCalidad\node_modules\react-dom\cjs\react-dom-client.development.js:25989:20)
          at runWithFiberInDEV (C:\Users\jiliana 
rodriguez\ProyectoCalidad\node_modules\react-dom\cjs\react-dom-client.development.js:874:13)
          at commitHookEffectListMount (C:\Users\jiliana 
rodriguez\ProyectoCalidad\node_modules\react-dom\cjs\react-dom-client.development.js:13249:29)
          at commitHookPassiveMountEffects (C:\Users\jiliana 
rodriguez\ProyectoCalidad\node_modules\react-dom\cjs\react-dom-client.development.js:13336:11)
          at commitPassiveMountOnFiber (C:\Users\jiliana 
rodriguez\ProyectoCalidad\node_modules\react-dom\cjs\react-dom-client.development.js:15484:13)
          at recursivelyTraversePassiveMountEffects (C:\Users\jiliana 
rodriguez\ProyectoCalidad\node_modules\react-dom\cjs\react-dom-client.development.js:15439:11)
          at commitPassiveMountOnFiber (C:\Users\jiliana 
rodriguez\ProyectoCalidad\node_modules\react-dom\cjs\react-dom-client.development.js:15519:11)
          at flushPassiveEffects (C:\Users\jiliana 
rodriguez\ProyectoCalidad\node_modules\react-dom\cjs\react-dom-client.development.js:18432:9)
          at C:\Users\jiliana 
rodriguez\ProyectoCalidad\node_modules\react-dom\cjs\react-dom-client.development.js:17923:15
          at flushActQueue (C:\Users\jiliana 
rodriguez\ProyectoCalidad\node_modules\react\cjs\react.development.js:590:34)
          at process.env.NODE_ENV.exports.act (C:\Users\jiliana 
rodriguez\ProyectoCalidad\node_modules\react\cjs\react.development.js:884:10)
          at C:\Users\jiliana 
rodriguez\ProyectoCalidad\node_modules\@testing-library\react\dist\act-compat.js:47:25
          at renderRoot (C:\Users\jiliana 
rodriguez\ProyectoCalidad\node_modules\@testing-library\react\dist\pure.js:190:26)
          at render (C:\Users\jiliana 
rodriguez\ProyectoCalidad\node_modules\@testing-library\react\dist\pure.js:292:10)
          at Object.<anonymous> (C:\Users\jiliana 
rodriguez\ProyectoCalidad\src\components\SistemaSolar3D.test.tsx:41:33)
          at Promise.finally.completed (C:\Users\jiliana 
rodriguez\ProyectoCalidad\node_modules\jest-circus\build\jestAdapterInit.js:1557:28)
          at new Promise (<anonymous>)
          at callAsyncCircusFn (C:\Users\jiliana 
rodriguez\ProyectoCalidad\node_modules\jest-circus\build\jestAdapterInit.js:1497:10)
          at _callCircusTest (C:\Users\jiliana 
rodriguez\ProyectoCalidad\node_modules\jest-circus\build\jestAdapterInit.js:1007:40)
          at processTicksAndRejections (node:internal/process/task_queues:95:5)
          at _runTest (C:\Users\jiliana 
rodriguez\ProyectoCalidad\node_modules\jest-circus\build\jestAdapterInit.js:947:3)
          at C:\Users\jiliana 
rodriguez\ProyectoCalidad\node_modules\jest-circus\build\jestAdapterInit.js:849:7
          at _runTestsForDescribeBlock (C:\Users\jiliana 
rodriguez\ProyectoCalidad\node_modules\jest-circus\build\jestAdapterInit.js:862:11)
          at _runTestsForDescribeBlock (C:\Users\jiliana 
rodriguez\ProyectoCalidad\node_modules\jest-circus\build\jestAdapterInit.js:857:11)
          at run (C:\Users\jiliana 
rodriguez\ProyectoCalidad\node_modules\jest-circus\build\jestAdapterInit.js:761:3)
          at runAndTransformResultsToJestFormat (C:\Users\jiliana 
rodriguez\ProyectoCalidad\node_modules\jest-circus\build\jestAdapterInit.js:1918:21)
          at jestAdapter (C:\Users\jiliana 
rodriguez\ProyectoCalidad\node_modules\jest-circus\build\runner.js:101:19)
          at runTestInternal (C:\Users\jiliana 
rodriguez\ProyectoCalidad\node_modules\jest-runner\build\testWorker.js:275:16)
          at runTest (C:\Users\jiliana 
rodriguez\ProyectoCalidad\node_modules\jest-runner\build\testWorker.js:343:7)
          at Object.worker (C:\Users\jiliana 
rodriguez\ProyectoCalidad\node_modules\jest-runner\build\testWorker.js:497:12) {
        type: 'not implemented'
      }

    [0m [90m 137 |[39m     [36mconst[39m canvas [33m=[39m 
canvasRef[33m.[39mcurrent[33m;[39m
     [90m 138 |[39m     [36mif[39m ([33m![39mcanvas) [36mreturn[39m[33m;[39m
    [31m[1m>[22m[39m[90m 139 |[39m     [36mconst[39m ctx [33m=[39m 
canvas[33m.[39mgetContext([32m"2d"[39m)[33m;[39m
     [90m     |[39m                        [31m[1m^[22m[39m
     [90m 140 |[39m     [36mif[39m ([33m![39mctx) [36mreturn[39m[33m;[39m
     [90m 141 |[39m
     [90m 142 |[39m     [36mconst[39m animate [33m=[39m () [33m=>[39m {[0m

      at VirtualConsole.<anonymous> 
(node_modules/@jest/environment-jsdom-abstract/build/index.js:78:23)
      at src/components/SistemaSolar3D.tsx:139:24
      at Object.react_stack_bottom_frame 
(node_modules/react-dom/cjs/react-dom-client.development.js:25989:20)
      at runWithFiberInDEV (node_modules/react-dom/cjs/react-dom-client.development.js:874:13)
      at commitHookEffectListMount 
(node_modules/react-dom/cjs/react-dom-client.development.js:13249:29)
      at commitHookPassiveMountEffects 
(node_modules/react-dom/cjs/react-dom-client.development.js:13336:11)
      at commitPassiveMountOnFiber 
(node_modules/react-dom/cjs/react-dom-client.development.js:15484:13)
      at recursivelyTraversePassiveMountEffects 
(node_modules/react-dom/cjs/react-dom-client.development.js:15439:11)
      at commitPassiveMountOnFiber 
(node_modules/react-dom/cjs/react-dom-client.development.js:15519:11)
      at flushPassiveEffects (node_modules/react-dom/cjs/react-dom-client.development.js:18432:9)
      at node_modules/react-dom/cjs/react-dom-client.development.js:17923:15
      at flushActQueue (node_modules/react/cjs/react.development.js:590:34)
      at process.env.NODE_ENV.exports.act (node_modules/react/cjs/react.development.js:884:10)
      at node_modules/@testing-library/react/dist/act-compat.js:47:25
      at renderRoot (node_modules/@testing-library/react/dist/pure.js:190:26)
      at render (node_modules/@testing-library/react/dist/pure.js:292:10)
      at Object.<anonymous> (src/components/SistemaSolar3D.test.tsx:41:33)

    console.error
      Error: Not implemented: HTMLCanvasElement.prototype.getContext (without installing the 
canvas npm package)
          at module.exports (C:\Users\jiliana rodriguez\ProyectoCalidad\node_modules\jest-environ
ment-jsdom\node_modules\jsdom\lib\jsdom\browser\not-implemented.js:9:17)
          at HTMLCanvasElementImpl.getContext (C:\Users\jiliana rodriguez\ProyectoCalidad\node_mo
dules\jest-environment-jsdom\node_modules\jsdom\lib\jsdom\living\nodes\HTMLCanvasElement-impl.js:
42:5)
          at HTMLCanvasElement.getContext (C:\Users\jiliana rodriguez\ProyectoCalidad\node_module
s\jest-environment-jsdom\node_modules\jsdom\lib\jsdom\living\generated\HTMLCanvasElement.js:131:5
8)
          at C:\Users\jiliana rodriguez\ProyectoCalidad\src\components\SistemaSolar3D.tsx:139:24
          at Object.react_stack_bottom_frame (C:\Users\jiliana 
rodriguez\ProyectoCalidad\node_modules\react-dom\cjs\react-dom-client.development.js:25989:20)
          at runWithFiberInDEV (C:\Users\jiliana 
rodriguez\ProyectoCalidad\node_modules\react-dom\cjs\react-dom-client.development.js:874:13)
          at commitHookEffectListMount (C:\Users\jiliana 
rodriguez\ProyectoCalidad\node_modules\react-dom\cjs\react-dom-client.development.js:13249:29)
          at commitHookPassiveMountEffects (C:\Users\jiliana 
rodriguez\ProyectoCalidad\node_modules\react-dom\cjs\react-dom-client.development.js:13336:11)
          at commitPassiveMountOnFiber (C:\Users\jiliana 
rodriguez\ProyectoCalidad\node_modules\react-dom\cjs\react-dom-client.development.js:15484:13)
          at recursivelyTraversePassiveMountEffects (C:\Users\jiliana 
rodriguez\ProyectoCalidad\node_modules\react-dom\cjs\react-dom-client.development.js:15439:11)
          at commitPassiveMountOnFiber (C:\Users\jiliana 
rodriguez\ProyectoCalidad\node_modules\react-dom\cjs\react-dom-client.development.js:15519:11)
          at flushPassiveEffects (C:\Users\jiliana 
rodriguez\ProyectoCalidad\node_modules\react-dom\cjs\react-dom-client.development.js:18432:9)
          at C:\Users\jiliana 
rodriguez\ProyectoCalidad\node_modules\react-dom\cjs\react-dom-client.development.js:17923:15
          at flushActQueue (C:\Users\jiliana 
rodriguez\ProyectoCalidad\node_modules\react\cjs\react.development.js:590:34)
          at process.env.NODE_ENV.exports.act (C:\Users\jiliana 
rodriguez\ProyectoCalidad\node_modules\react\cjs\react.development.js:884:10)
          at C:\Users\jiliana 
rodriguez\ProyectoCalidad\node_modules\@testing-library\react\dist\act-compat.js:47:25
          at renderRoot (C:\Users\jiliana 
rodriguez\ProyectoCalidad\node_modules\@testing-library\react\dist\pure.js:190:26)
          at render (C:\Users\jiliana 
rodriguez\ProyectoCalidad\node_modules\@testing-library\react\dist\pure.js:292:10)
          at Object.<anonymous> (C:\Users\jiliana 
rodriguez\ProyectoCalidad\src\components\SistemaSolar3D.test.tsx:51:11)
          at Promise.finally.completed (C:\Users\jiliana 
rodriguez\ProyectoCalidad\node_modules\jest-circus\build\jestAdapterInit.js:1557:28)
          at new Promise (<anonymous>)
          at callAsyncCircusFn (C:\Users\jiliana 
rodriguez\ProyectoCalidad\node_modules\jest-circus\build\jestAdapterInit.js:1497:10)
          at _callCircusTest (C:\Users\jiliana 
rodriguez\ProyectoCalidad\node_modules\jest-circus\build\jestAdapterInit.js:1007:40)
          at processTicksAndRejections (node:internal/process/task_queues:95:5)
          at _runTest (C:\Users\jiliana 
rodriguez\ProyectoCalidad\node_modules\jest-circus\build\jestAdapterInit.js:947:3)
          at C:\Users\jiliana 
rodriguez\ProyectoCalidad\node_modules\jest-circus\build\jestAdapterInit.js:849:7
          at _runTestsForDescribeBlock (C:\Users\jiliana 
rodriguez\ProyectoCalidad\node_modules\jest-circus\build\jestAdapterInit.js:862:11)
          at _runTestsForDescribeBlock (C:\Users\jiliana 
rodriguez\ProyectoCalidad\node_modules\jest-circus\build\jestAdapterInit.js:857:11)
          at run (C:\Users\jiliana 
rodriguez\ProyectoCalidad\node_modules\jest-circus\build\jestAdapterInit.js:761:3)
          at runAndTransformResultsToJestFormat (C:\Users\jiliana 
rodriguez\ProyectoCalidad\node_modules\jest-circus\build\jestAdapterInit.js:1918:21)
          at jestAdapter (C:\Users\jiliana 
rodriguez\ProyectoCalidad\node_modules\jest-circus\build\runner.js:101:19)
          at runTestInternal (C:\Users\jiliana 
rodriguez\ProyectoCalidad\node_modules\jest-runner\build\testWorker.js:275:16)
          at runTest (C:\Users\jiliana 
rodriguez\ProyectoCalidad\node_modules\jest-runner\build\testWorker.js:343:7)
          at Object.worker (C:\Users\jiliana 
rodriguez\ProyectoCalidad\node_modules\jest-runner\build\testWorker.js:497:12) {
        type: 'not implemented'
      }

    [0m [90m 137 |[39m     [36mconst[39m canvas [33m=[39m 
canvasRef[33m.[39mcurrent[33m;[39m
     [90m 138 |[39m     [36mif[39m ([33m![39mcanvas) [36mreturn[39m[33m;[39m
    [31m[1m>[22m[39m[90m 139 |[39m     [36mconst[39m ctx [33m=[39m 
canvas[33m.[39mgetContext([32m"2d"[39m)[33m;[39m
     [90m     |[39m                        [31m[1m^[22m[39m
     [90m 140 |[39m     [36mif[39m ([33m![39mctx) [36mreturn[39m[33m;[39m
     [90m 141 |[39m
     [90m 142 |[39m     [36mconst[39m animate [33m=[39m () [33m=>[39m {[0m

      at VirtualConsole.<anonymous> 
(node_modules/@jest/environment-jsdom-abstract/build/index.js:78:23)
      at src/components/SistemaSolar3D.tsx:139:24
      at Object.react_stack_bottom_frame 
(node_modules/react-dom/cjs/react-dom-client.development.js:25989:20)
      at runWithFiberInDEV (node_modules/react-dom/cjs/react-dom-client.development.js:874:13)
      at commitHookEffectListMount 
(node_modules/react-dom/cjs/react-dom-client.development.js:13249:29)
      at commitHookPassiveMountEffects 
(node_modules/react-dom/cjs/react-dom-client.development.js:13336:11)
      at commitPassiveMountOnFiber 
(node_modules/react-dom/cjs/react-dom-client.development.js:15484:13)
      at recursivelyTraversePassiveMountEffects 
(node_modules/react-dom/cjs/react-dom-client.development.js:15439:11)
      at commitPassiveMountOnFiber 
(node_modules/react-dom/cjs/react-dom-client.development.js:15519:11)
      at flushPassiveEffects (node_modules/react-dom/cjs/react-dom-client.development.js:18432:9)
      at node_modules/react-dom/cjs/react-dom-client.development.js:17923:15
      at flushActQueue (node_modules/react/cjs/react.development.js:590:34)
      at process.env.NODE_ENV.exports.act (node_modules/react/cjs/react.development.js:884:10)
      at node_modules/@testing-library/react/dist/act-compat.js:47:25
      at renderRoot (node_modules/@testing-library/react/dist/pure.js:190:26)
      at render (node_modules/@testing-library/react/dist/pure.js:292:10)
      at Object.<anonymous> (src/components/SistemaSolar3D.test.tsx:51:11)

  ÔùÅ ­ƒî× SistemaSolar3D Component ÔÇ║ renderiza el canvas del sistema solar

    TestingLibraryElementError: Unable to find an element with the role "img"

    Here are the available roles:

      heading:

      Name "­ƒî× Explorador del Sistema Solar":
      [36m<h1[39m
        [33mclass[39m=[32m"text-center text-white text-2xl font-bold py-4"[39m
      [36m/>[39m

      --------------------------------------------------
      paragraph:

      Name "":
      [36m<p[39m
        [33mclass[39m=[32m"text-center text-white mt-4"[39m
      [36m/>[39m

      Name "":
      [36m<p />[39m

      Name "":
      [36m<p />[39m

      --------------------------------------------------
      button:

      Name "":
      [36m<button[39m
        [33mclass[39m=[32m"p-2 bg-blue-500 text-white rounded-full"[39m
      [36m/>[39m

      Name "":
      [36m<button[39m
        [33mclass[39m=[32m"p-2 bg-green-500 text-white rounded-full"[39m
      [36m/>[39m

      Name "":
      [36m<button[39m
        [33mclass[39m=[32m"p-2 bg-yellow-500 text-white rounded-full"[39m
      [36m/>[39m

      --------------------------------------------------

    Ignored nodes: comments, script, style
    [36m<body>[39m
      [36m<div>[39m
        [36m<div[39m
          [33mclass[39m=[32m"min-h-screen bg-gradient-to-br from-indigo-900 via-purple-900 
to-pink-800"[39m
        [36m>[39m
          [36m<h1[39m
            [33mclass[39m=[32m"text-center text-white text-2xl font-bold py-4"[39m
          [36m>[39m
            [0m­ƒî× Explorador del Sistema Solar[0m
          [36m</h1>[39m
          [36m<canvas[39m
            [33mclass[39m=[32m"block mx-auto rounded-lg shadow-2xl"[39m
            [33mheight[39m=[32m"600"[39m
            [33mwidth[39m=[32m"800"[39m
          [36m/>[39m
          [36m<p[39m
            [33mclass[39m=[32m"text-center text-white mt-4"[39m
          [36m>[39m
            [0mHaz clic en un planeta para escucharlo ­ƒÜÇ[0m
          [36m</p>[39m
          [36m<div[39m
            [33mclass[39m=[32m"text-center text-white mt-2"[39m
          [36m>[39m
            [36m<p>[39m
              [0mPuntos: [0m
              [0m0[0m
            [36m</p>[39m
            [36m<p>[39m
              [0mPlanetas descubiertos:[0m
              [0m [0m
              [0mninguno[0m
            [36m</p>[39m
          [36m</div>[39m
          [36m<div[39m
            [33mclass[39m=[32m"flex justify-center mt-4 space-x-4"[39m
          [36m>[39m
            [36m<button[39m
              [33mclass[39m=[32m"p-2 bg-blue-500 text-white rounded-full"[39m
            [36m>[39m
              [36m<svg[39m
                [33maria-hidden[39m=[32m"true"[39m
                [33mclass[39m=[32m"lucide lucide-pause"[39m
                [33mfill[39m=[32m"none"[39m
                [33mheight[39m=[32m"24"[39m
                [33mstroke[39m=[32m"currentColor"[39m
                [33mstroke-linecap[39m=[32m"round"[39m
                [33mstroke-linejoin[39m=[32m"round"[39m
                [33mstroke-width[39m=[32m"2"[39m
                [33mviewBox[39m=[32m"0 0 24 24"[39m
                [33mwidth[39m=[32m"24"[39m
                [33mxmlns[39m=[32m"http://www.w3.org/2000/svg"[39m
              [36m>[39m
                [36m<rect[39m
                  [33mheight[39m=[32m"18"[39m
                  [33mrx[39m=[32m"1"[39m
                  [33mwidth[39m=[32m"5"[39m
                  [33mx[39m=[32m"14"[39m
                  [33my[39m=[32m"3"[39m
                [36m/>[39m
                [36m<rect[39m
                  [33mheight[39m=[32m"18"[39m
                  [33mrx[39m=[32m"1"[39m
                  [33mwidth[39m=[32m"5"[39m
                  [33mx[39m=[32m"5"[39m
                  [33my[39m=[32m"3"[39m
                [36m/>[39m
              [36m</svg>[39m
            [36m</button>[39m
            [36m<button[39m
              [33mclass[39m=[32m"p-2 bg-green-500 text-white rounded-full"[39m
            [36m>[39m
              [36m<svg[39m
                [33maria-hidden[39m=[32m"true"[39m
                [33mclass[39m=[32m"lucide lucide-volume2 lucide-volume-2"[39m
                [33mfill[39m=[32m"none"[39m
                [33mheight[39m=[32m"24"[39m
                [33mstroke[39m=[32m"currentColor"[39m
                [33mstroke-linecap[39m=[32m"round"[39m
                [33mstroke-linejoin[39m=[32m"round"[39m
                [33mstroke-width[39m=[32m"2"[39m
                [33mviewBox[39m=[32m"0 0 24 24"[39m
                [33mwidth[39m=[32m"24"[39m
                [33mxmlns[39m=[32m"http://www.w3.org/2000/svg"[39m
              [36m>[39m
                [36m<path[39m
                  [33md[39m=[32m"M11 4.702a.705.705 0 0 0-1.203-.498L6.413 7.587A1.4 1.4 0 0 
1 5.416 8H3a1 1 0 0 0-1 1v6a1 1 0 0 0 1 1h2.416a1.4 1.4 0 0 1 .997.413l3.383 3.384A.705.705 0 0 
0 11 19.298z"[39m
                [36m/>[39m
                [36m<path[39m
                  [33md[39m=[32m"M16 9a5 5 0 0 1 0 6"[39m
                [36m/>[39m
                [36m<path[39m
                  [33md[39m=[32m"M19.364 18.364a9 9 0 0 0 0-12.728"[39m
                [36m/>[39m
              [36m</svg>[39m
            [36m</button>[39m
            [36m<button[39m
              [33mclass[39m=[32m"p-2 bg-yellow-500 text-white rounded-full"[39m
            [36m>[39m
              [36m<svg[39m
                [33maria-hidden[39m=[32m"true"[39m
                [33mclass[39m=[32m"lucide lucide-star"[39m
                [33mfill[39m=[32m"none"[39m
                [33mheight[39m=[32m"24"[39m
                [33mstroke[39m=[32m"currentColor"[39m
                [33mstroke-linecap[39m=[32m"round"[39m
                [33mstroke-linejoin[39m=[32m"round"[39m
                [33mstroke-width[39m=[32m"2"[39m
                [33mviewBox[39m=[32m"0 0 24 24"[39m
                [33mwidth[39m=[32m"24"[39m
                [33mxmlns[39m=[32m"http://www.w3.org/2000/svg"[39m
              [36m>[39m
                [36m<path[39m
                  [33md[39m=[32m"M11.525 2.295a.53.53 0 0 1 .95 0l2.31 4.679a2.123 2.123 0 0 
0 1.595 1.16l5.166.756a.53.53 0 0 1 .294.904l-3.736 3.638a2.123 2.123 0 0 0-.611 1.878l.882 
5.14a.53.53 0 0 1-.771.56l-4.618-2.428a2.122 2.122 0 0 0-1.973 0L6.396 21.01a.53.53 0 0 
1-.77-.56l.881-5.139a2.122 2.122 0 0 0-.611-1.879L2.16 9.795a.53.53 0 0 1 
.294-.906l5.165-.755a2.122 2.122 0 0 0 1.597-1.16z"[39m
                [36m/>[39m
              [36m</svg>[39m
            [36m</button>[39m
          [36m</div>[39m
        [36m</div>[39m
      [36m</div>[39m
    [36m</body>[39m

    [0m [90m 25 |[39m     render([33m<[39m[33mSistemaSolar3D[39m 
[33m/[39m[33m>[39m)[33m;[39m
     [90m 26 |[39m     [36mconst[39m canvas [33m=[39m
    [31m[1m>[22m[39m[90m 27 |[39m       
screen[33m.[39mgetByRole([32m"img"[39m[33m,[39m { hidden[33m:[39m [36mtrue[39m }) 
[33m||[39m
     [90m    |[39m              [31m[1m^[22m[39m
     [90m 28 |[39m       screen[33m.[39mgetByRole([32m"presentation"[39m) [33m||[39m
     [90m 29 |[39m       screen[33m.[39mgetByText([35m/Haz 
clic/[39m)[33m.[39mpreviousSibling[33m;[39m
     [90m 30 |[39m     expect(canvas)[33m.[39mtoBeInTheDocument()[33m;[39m[0m

      at Object.getElementError (node_modules/@testing-library/dom/dist/config.js:37:19)
      at node_modules/@testing-library/dom/dist/query-helpers.js:76:38
      at node_modules/@testing-library/dom/dist/query-helpers.js:52:17
      at node_modules/@testing-library/dom/dist/query-helpers.js:95:19
      at Object.<anonymous> (src/components/SistemaSolar3D.test.tsx:27:14)

  ÔùÅ ­ƒî× SistemaSolar3D Component ÔÇ║ al renderizar, inicia con animaci├│n activa y sin audio

    expect(jest.fn()).not.toHaveBeenCalled()

    Expected number of calls: 0
    Received number of calls: 1

    1: {"lang": "es-ES", "onend": [Function anonymous], "onerror": [Function anonymous], 
"onstart": [Function anonymous], "pitch": 1.1, "rate": 0.9, "text": "┬íFelicidades! Has 
descubierto Tierra. Ganaste 10 puntos. La Tierra es nuestro hogar. Es especial porque tiene 
agua, aire y la temperatura perfecta para la vida. Es el tercer planeta desde el Sol y el ├║nico 
conocido con vida. Tiene una luna que vemos en las noches.", "volume": 1}

    [0m [90m 50 |[39m   test([32m"al renderizar, inicia con animaci├│n activa y sin 
audio"[39m[33m,[39m () [33m=>[39m {
     [90m 51 |[39m     render([33m<[39m[33mSistemaSolar3D[39m 
[33m/[39m[33m>[39m)[33m;[39m
    [31m[1m>[22m[39m[90m 52 |[39m     expect(window[33m.[39mspeechSynthesis[33m.[39mspe
ak)[33m.[39mnot[33m.[39mtoHaveBeenCalled()[33m;[39m
     [90m    |[39m                                              [31m[1m^[22m[39m
     [90m 53 |[39m     expect(
     [90m 54 |[39m       screen[33m.[39mgetByText([35m/Explorador del Sistema Solar/i[39m)
     [90m 55 |[39m     )[33m.[39mtoBeVisible()[33m;[39m[0m

      at Object.<anonymous> (src/components/SistemaSolar3D.test.tsx:52:46)

PASS src/components/Pintura3D.test.tsx (8.533 s)
  ÔùÅ Console

    console.error
      Error: Not implemented: HTMLCanvasElement.prototype.toDataURL (without installing the 
canvas npm package)
          at module.exports (C:\Users\jiliana rodriguez\ProyectoCalidad\node_modules\jest-environ
ment-jsdom\node_modules\jsdom\lib\jsdom\browser\not-implemented.js:9:17)
          at HTMLCanvasElementImpl.toDataURL (C:\Users\jiliana rodriguez\ProyectoCalidad\node_mod
ules\jest-environment-jsdom\node_modules\jsdom\lib\jsdom\living\nodes\HTMLCanvasElement-impl.js:5
5:5)
          at HTMLCanvasElement.toDataURL (C:\Users\jiliana rodriguez\ProyectoCalidad\node_modules
\jest-environment-jsdom\node_modules\jsdom\lib\jsdom\living\generated\HTMLCanvasElement.js:162:34
)
          at saveDrawing (C:\Users\jiliana 
rodriguez\ProyectoCalidad\src\components\Pintura3D.tsx:131:24)
          at executeDispatch (C:\Users\jiliana 
rodriguez\ProyectoCalidad\node_modules\react-dom\cjs\react-dom-client.development.js:19116:9)
          at runWithFiberInDEV (C:\Users\jiliana 
rodriguez\ProyectoCalidad\node_modules\react-dom\cjs\react-dom-client.development.js:874:13)
          at processDispatchQueue (C:\Users\jiliana 
rodriguez\ProyectoCalidad\node_modules\react-dom\cjs\react-dom-client.development.js:19166:19)
          at C:\Users\jiliana 
rodriguez\ProyectoCalidad\node_modules\react-dom\cjs\react-dom-client.development.js:19767:9
          at batchedUpdates$1 (C:\Users\jiliana 
rodriguez\ProyectoCalidad\node_modules\react-dom\cjs\react-dom-client.development.js:3255:40)
          at dispatchEventForPluginEventSystem (C:\Users\jiliana 
rodriguez\ProyectoCalidad\node_modules\react-dom\cjs\react-dom-client.development.js:19320:7)
          at dispatchEvent (C:\Users\jiliana 
rodriguez\ProyectoCalidad\node_modules\react-dom\cjs\react-dom-client.development.js:23585:11)
          at dispatchDiscreteEvent (C:\Users\jiliana 
rodriguez\ProyectoCalidad\node_modules\react-dom\cjs\react-dom-client.development.js:23553:11)
          at HTMLDivElement.callTheUserObjectsOperation (C:\Users\jiliana rodriguez\ProyectoCalid
ad\node_modules\jest-environment-jsdom\node_modules\jsdom\lib\jsdom\living\generated\EventListene
r.js:26:30)
          at innerInvokeEventListeners (C:\Users\jiliana rodriguez\ProyectoCalidad\node_modules\j
est-environment-jsdom\node_modules\jsdom\lib\jsdom\living\events\EventTarget-impl.js:350:25)
          at invokeEventListeners (C:\Users\jiliana rodriguez\ProyectoCalidad\node_modules\jest-e
nvironment-jsdom\node_modules\jsdom\lib\jsdom\living\events\EventTarget-impl.js:286:3)
          at HTMLButtonElementImpl._dispatch (C:\Users\jiliana rodriguez\ProyectoCalidad\node_mod
ules\jest-environment-jsdom\node_modules\jsdom\lib\jsdom\living\events\EventTarget-impl.js:233:9)
          at HTMLButtonElementImpl.dispatchEvent (C:\Users\jiliana rodriguez\ProyectoCalidad\node
_modules\jest-environment-jsdom\node_modules\jsdom\lib\jsdom\living\events\EventTarget-impl.js:10
4:17)
          at HTMLButtonElement.dispatchEvent (C:\Users\jiliana rodriguez\ProyectoCalidad\node_mod
ules\jest-environment-jsdom\node_modules\jsdom\lib\jsdom\living\generated\EventTarget.js:241:34)
          at C:\Users\jiliana 
rodriguez\ProyectoCalidad\node_modules\@testing-library\dom\dist\events.js:19:20
          at C:\Users\jiliana 
rodriguez\ProyectoCalidad\node_modules\@testing-library\react\dist\pure.js:108:16
          at C:\Users\jiliana 
rodriguez\ProyectoCalidad\node_modules\@testing-library\react\dist\act-compat.js:48:24
          at process.env.NODE_ENV.exports.act (C:\Users\jiliana 
rodriguez\ProyectoCalidad\node_modules\react\cjs\react.development.js:814:22)
          at C:\Users\jiliana 
rodriguez\ProyectoCalidad\node_modules\@testing-library\react\dist\act-compat.js:47:25
          at Object.eventWrapper (C:\Users\jiliana 
rodriguez\ProyectoCalidad\node_modules\@testing-library\react\dist\pure.js:107:28)
          at fireEvent (C:\Users\jiliana 
rodriguez\ProyectoCalidad\node_modules\@testing-library\dom\dist\events.js:12:35)
          at Function.fireEvent.<computed> [as click] (C:\Users\jiliana 
rodriguez\ProyectoCalidad\node_modules\@testing-library\dom\dist\events.js:110:36)
          at Function.fireEvent.<computed> [as click] (C:\Users\jiliana 
rodriguez\ProyectoCalidad\node_modules\@testing-library\react\dist\fire-event.js:15:52)
          at Object.<anonymous> (C:\Users\jiliana 
rodriguez\ProyectoCalidad\src\components\Pintura3D.test.tsx:124:15)
          at Promise.finally.completed (C:\Users\jiliana 
rodriguez\ProyectoCalidad\node_modules\jest-circus\build\jestAdapterInit.js:1557:28)
          at new Promise (<anonymous>)
          at callAsyncCircusFn (C:\Users\jiliana 
rodriguez\ProyectoCalidad\node_modules\jest-circus\build\jestAdapterInit.js:1497:10)
          at _callCircusTest (C:\Users\jiliana 
rodriguez\ProyectoCalidad\node_modules\jest-circus\build\jestAdapterInit.js:1007:40)
          at processTicksAndRejections (node:internal/process/task_queues:95:5)
          at _runTest (C:\Users\jiliana 
rodriguez\ProyectoCalidad\node_modules\jest-circus\build\jestAdapterInit.js:947:3)
          at C:\Users\jiliana 
rodriguez\ProyectoCalidad\node_modules\jest-circus\build\jestAdapterInit.js:849:7
          at _runTestsForDescribeBlock (C:\Users\jiliana 
rodriguez\ProyectoCalidad\node_modules\jest-circus\build\jestAdapterInit.js:862:11)
          at _runTestsForDescribeBlock (C:\Users\jiliana 
rodriguez\ProyectoCalidad\node_modules\jest-circus\build\jestAdapterInit.js:857:11)
          at run (C:\Users\jiliana 
rodriguez\ProyectoCalidad\node_modules\jest-circus\build\jestAdapterInit.js:761:3)
          at runAndTransformResultsToJestFormat (C:\Users\jiliana 
rodriguez\ProyectoCalidad\node_modules\jest-circus\build\jestAdapterInit.js:1918:21)
          at jestAdapter (C:\Users\jiliana 
rodriguez\ProyectoCalidad\node_modules\jest-circus\build\runner.js:101:19)
          at runTestInternal (C:\Users\jiliana 
rodriguez\ProyectoCalidad\node_modules\jest-runner\build\testWorker.js:275:16)
          at runTest (C:\Users\jiliana 
rodriguez\ProyectoCalidad\node_modules\jest-runner\build\testWorker.js:343:7)
          at Object.worker (C:\Users\jiliana 
rodriguez\ProyectoCalidad\node_modules\jest-runner\build\testWorker.js:497:12) {
        type: 'not implemented'
      }

    [0m [90m 129 |[39m     [36mconst[39m link [33m=[39m 
document[33m.[39mcreateElement([32m"a"[39m)[33m;[39m
     [90m 130 |[39m     link[33m.[39mdownload [33m=[39m 
[32m"mi-dibujo-3d.png"[39m[33m;[39m
    [31m[1m>[22m[39m[90m 131 |[39m     link[33m.[39mhref [33m=[39m 
canvas[33m.[39mtoDataURL()[33m;[39m
     [90m     |[39m                        [31m[1m^[22m[39m
     [90m 132 |[39m     link[33m.[39mclick()[33m;[39m
     [90m 133 |[39m     speak([32m"Tu dibujo ha sido guardado exitosamente"[39m)[33m;[39m
     [90m 134 |[39m   }[33m;[39m[0m

      at VirtualConsole.<anonymous> 
(node_modules/@jest/environment-jsdom-abstract/build/index.js:78:23)
      at saveDrawing (src/components/Pintura3D.tsx:131:24)
      at executeDispatch (node_modules/react-dom/cjs/react-dom-client.development.js:19116:9)
      at runWithFiberInDEV (node_modules/react-dom/cjs/react-dom-client.development.js:874:13)
      at processDispatchQueue 
(node_modules/react-dom/cjs/react-dom-client.development.js:19166:19)
      at node_modules/react-dom/cjs/react-dom-client.development.js:19767:9
      at batchedUpdates$1 (node_modules/react-dom/cjs/react-dom-client.development.js:3255:40)
      at dispatchEventForPluginEventSystem 
(node_modules/react-dom/cjs/react-dom-client.development.js:19320:7)
      at dispatchEvent (node_modules/react-dom/cjs/react-dom-client.development.js:23585:11)
      at dispatchDiscreteEvent 
(node_modules/react-dom/cjs/react-dom-client.development.js:23553:11)
      at node_modules/@testing-library/dom/dist/events.js:19:20
      at node_modules/@testing-library/react/dist/pure.js:108:16
      at node_modules/@testing-library/react/dist/act-compat.js:48:24
      at process.env.NODE_ENV.exports.act (node_modules/react/cjs/react.development.js:814:22)
      at node_modules/@testing-library/react/dist/act-compat.js:47:25
      at Object.eventWrapper (node_modules/@testing-library/react/dist/pure.js:107:28)
      at fireEvent (node_modules/@testing-library/dom/dist/events.js:12:35)
      at Function.fireEvent.<computed> [as click] 
(node_modules/@testing-library/dom/dist/events.js:110:36)
      at Function.fireEvent.<computed> [as click] 
(node_modules/@testing-library/react/dist/fire-event.js:15:52)
      at Object.<anonymous> (src/components/Pintura3D.test.tsx:124:15)

FAIL src/components/DigitalSculpture.test.tsx (8.798 s)
  ÔùÅ DigitalSculpture Component ÔÇ║ RF-ART-001: Herramientas de Modelado ÔÇ║ Debe cambiar la 
herramienta seleccionada

    expect(received).toContain(expected) // indexOf

    Expected substring: "border-orange-500"
    Received string:    "h-24 rounded-lg border-2 transition flex flex-col items-center 
justify-center bg-yellow-100 border-yellow-500 border-4"

    [0m [90m 74 |[39m       [36mif[39m (moldButton [33m&&[39m addButton) {
     [90m 75 |[39m         fireEvent[33m.[39mclick(moldButton)[33m;[39m
    [31m[1m>[22m[39m[90m 76 |[39m         expect(moldButton[33m.[39mclassName)[33m.[39m
toContain([32m"border-orange-500"[39m)[33m;[39m
     [90m    |[39m                                      [31m[1m^[22m[39m
     [90m 77 |[39m
     [90m 78 |[39m         fireEvent[33m.[39mclick(addButton)[33m;[39m
     [90m 79 |[39m         expect(addButton[33m.[39mclassName)[33m.[39mtoContain([32m"bord
er-blue-500"[39m)[33m;[39m[0m

      at Object.<anonymous> (src/components/DigitalSculpture.test.tsx:76:38)

  ÔùÅ DigitalSculpture Component ÔÇ║ RF-ART-002: Sistema de Pintura y Decoraci├│n ÔÇ║ Debe 
renderizar 3 tama├▒os de pincel (S, M, L)

    TestingLibraryElementError: Unable to find an element with the text: S. This could be 
because the text is broken up by multiple elements. In this case, you can provide a function for 
your text matcher to make your matcher more flexible.

    Ignored nodes: comments, script, style
    [36m<body>[39m
      [36m<div>[39m
        [36m<div[39m
          [33mclass[39m=[32m"h-screen w-full bg-gray-50 flex flex-col overflow-hidden"[39m
        [36m>[39m
          [36m<header[39m
            [33mclass[39m=[32m"bg-indigo-600 text-white px-6 py-4 shadow-lg flex 
justify-between items-center"[39m
          [36m>[39m
            [36m<div>[39m
              [36m<h1[39m
                [33mclass[39m=[32m"text-2xl font-bold"[39m
              [36m>[39m
                [0m­ƒÄ¿ Escultura Digital 3D[0m
              [36m</h1>[39m
              [36m<p[39m
                [33mclass[39m=[32m"text-sm text-indigo-200"[39m
              [36m>[39m
                [0mM├│dulo interactivo - Mentes Creativas[0m
              [36m</p>[39m
            [36m</div>[39m
            [36m<button[39m
              [33mclass[39m=[32m"bg-yellow-500 hover:bg-yellow-600 px-4 py-2 rounded-full 
font-semibold transition"[39m
            [36m>[39m
              [0m­ƒöè [0m
              [0mActivar narraci├│n[0m
            [36m</button>[39m
          [36m</header>[39m
          [36m<div[39m
            [33mclass[39m=[32m"flex-1 flex overflow-hidden"[39m
          [36m>[39m
            [36m<aside[39m
              [33mclass[39m=[32m"w-72 bg-white border-r border-gray-200 p-4 
overflow-y-auto"[39m
            [36m>[39m
              [36m<h2[39m
                [33mclass[39m=[32m"text-lg font-bold mb-4 text-indigo-600"[39m
              [36m>[39m
                [0m­ƒøá´©Å Herramientas[0m
              [36m</h2>[39m
              [36m<div[39m
                [33mclass[39m=[32m"grid grid-cols-2 gap-3 mb-4"[39m
              [36m>[39m
                [36m<button[39m
                  [33mclass[39m=[32m"h-24 rounded-lg border-2 transition flex flex-col 
items-center justify-center bg-gray-100 border-gray-300"[39m
                [36m>[39m
                  [36m<div[39m
                    [33mclass[39m=[32m"text-3xl"[39m
                  [36m>[39m
                    [0mÔ£ï[0m
                  [36m</div>[39m
                  [36m<div[39m
                    [33mclass[39m=[32m"text-xs font-semibold text-gray-900"[39m
                  [36m>[39m
                    [0mMoldear[0m
                  [36m</div>[39m
                [36m</button>[39m
                [36m<button[39m
                  [33mclass[39m=[32m"h-24 rounded-lg border-2 transition flex flex-col 
items-center justify-center bg-gray-100 border-gray-300"[39m
                [36m>[39m
                  [36m<div[39m
                    [33mclass[39m=[32m"text-3xl"[39m
                  [36m>[39m
                    [0mÔ×ò[0m
                  [36m</div>[39m
                  [36m<div[39m
                    [33mclass[39m=[32m"text-xs font-semibold text-gray-900"[39m
                  [36m>[39m
                    [0mA├▒adir[0m
                  [36m</div>[39m
                [36m</button>[39m
                [36m<button[39m
                  [33mclass[39m=[32m"h-24 rounded-lg border-2 transition flex flex-col 
items-center justify-center bg-gray-100 border-gray-300"[39m
                [36m>[39m
                  [36m<div[39m
                    [33mclass[39m=[32m"text-3xl"[39m
                  [36m>[39m
                    [0m­ƒîè[0m
                  [36m</div>[39m
                  [36m<div[39m
                    [33mclass[39m=[32m"text-xs font-semibold text-gray-900"[39m
                  [36m>[39m
                    [0mSuavizar[0m
                  [36m</div>[39m
                [36m</button>[39m
                [36m<button[39m
                  [33mclass[39m=[32m"h-24 rounded-lg border-2 transition flex flex-col 
items-center justify-center bg-gray-100 border-gray-300"[39m
                [36m>[39m
                  [36m<div[39m
                    [33mclass[39m=[32m"text-3xl"[39m
                  [36m>[39m
                    [0m­ƒöì[0m
                  [36m</div>[39m
                  [36m<div[39m
                    [33mclass[39m=[32m"text-xs font-semibold text-gray-900"[39m
                  [36m>[39m
                    [0mDetalle[0m
                  [36m</div>[39m
                [36m</button>[39m
                [36m<button[39m
                  [33mclass[39m=[32m"h-24 rounded-lg border-2 transition flex flex-col 
items-center justify-center bg-gray-100 border-gray-300"[39m
                [36m>[39m
                  [36m<div[39m
                    [33mclass[39m=[32m"text-3xl"[39m
                  [36m>[39m
                    [0m­ƒÄ¿[0m
                  [36m</div>[39m
                  [36m<div[39m
                    [33mclass[39m=[32m"text-xs font-semibold text-gray-900"[39m
                  [36m>[39m
                    [0mPintar[0m
                  [36m</div>[39m
                [36m</button>[39m
                [36m<button[39m
                  [33mclass[39m=[32m"h-24 rounded-lg border-2 transition flex flex-col 
items-center justify-center bg-gray-100 border-gray-300"[39m
                [36m>[39m
                  [36m<div[39m
                    [33mclass[39m=[32m"text-3xl"[39m
                  [36m>[39m
                    [0m­ƒº¢[0m
                  [36m</div>[39m
                  [36m<div[39m
                    [33mclass[39m=[32m"text-xs font-semibold text-gray-900"[39m
                  [36m>[39m
                    [0mBorrar[0m
                  [36m</div>[39m
                [36m</button>[39m
              [36m</div>[39m
              [36m<h3[39m
                [33mclass[39m=[32m"font-semibold text-gray-700 mb-3"[39m
              [36m>[39m
                [0m­ƒÄ¿ Colores:[0m
              [36m</h3>[39m
              [36m<div[39m
                [33mclass[39m=[32m"flex gap-2 justify-center flex-wrap mb-6"[39m
              [36m>[39m
                [36m<button[39m
                  [33mclass[39m=[32m"w-10 h-10 rounded-full border-2 transition border-black 
border-4 scale-110"[39m
                  [33mstyle[39m=[32m"background-color: rgb(239, 68, 68);"[39m
                [36m/>[39m
                [36m<button[39m
                  [33mclass[39m=[32m"w-10 h-10 rounded-full border-2 transition 
border-gray-400"[39m
                  [33mstyle[39m=[32m"background-color: rgb(59, 130, 246);"[39m
                [36m/>[39m
                [36m<button[39m
                  [33mclass[39m=[32m"w-10 h-10 rounded-full border-2 transition 
border-gray-400"[39m
                  [33mstyle[39m=[32m"background-color: rgb(251, 191, 36);"[39m
                [36m/>[39m
                [36m<button[39m
                  [33mclass[39m=[32m"w-10 h-10 rounded-full border-2 transition 
border-gray-400"[39m
                  [33mstyle[39m=[32m"background-color: rgb(16, 185, 129);"[39m
                [36m/>[39m
                [36m<button[39m
                  [33mclass[39m=[32m"w-10 h-10 rounded-full border-2 transition 
border-gray-400"[39m
                  [33mstyle[39m=[32m"background-color: rgb(168, 85, 247);"[39m
                [36m/>[39m
              [36m</div>[39m
              [36m<div[39m
                [33mclass[39m=[32m"flex gap-2"[39m
              [36m>[39m
                [36m<button[39m
                  [33mclass[39m=[32m"flex-1 bg-green-500 hover:bg-green-600 text-white py-3 
rounded-lg font-semibold"[39m
                [36m>[39m
                  [0m­ƒÆ¥ Guardar[0m
                [36m</button>[39m
                [36m<button[39m
                  [33mclass[39m=[32m"flex-1 bg-orange-500 hover:bg-orange-600 text-white py-3 
rounded-lg font-semibold"[39m
                [36m>[39m
                  [0m­ƒöä Reiniciar[0m
                [36m</button>[39m
              [36m</div>[39m
            [36m</aside>[39m
            [36m<main[39m
              [33mclass[39m=[32m"flex-1 flex flex-col p-6"[39m
            [36m>[39m
              [36m<div[39m
                [33mclass[39m=[32m"bg-white rounded-lg shadow-lg flex-1 flex flex-col 
overflow-hidden"[39m
              [36m>[39m
                [36m<div[39m
                  [33mclass[39m=[32m"bg-gray-100 p-4 flex justify-between items-center 
border-b"[39m
                [36m>[39m
                  [36m<h2[39m
                    [33mclass[39m=[32m"text-lg font-bold text-gray-700"[39m
                  [36m>[39m
                    [0m­ƒÄ¡ ├ürea de Escultura[0m
                  [36m</h2>[39m
                [36m</div>[39m
                [36m<div[39m
                  [33mclass[39m=[32m"flex-1 relative bg-gray-50 flex items-center 
justify-center"[39m
                [36m>[39m
                  [36m<canvas[39m
                    [33mclass[39m=[32m"border-2 border-gray-300 rounded-lg 
cursor-crosshair"[39m
                    [33mheight[39m=[32m"600"[39m
                    [33mwidth[39m=[32m"800"[39m
                  [36m/>[39m
                  [36m<button[39m
                    [33mclass[39m=[32m"absolute left-8 top-1/2 -translate-y-1/2 w-12 h-12 
bg-indigo-600 text-white rounded-full text-2xl shadow-lg"[39m
                  [36m>[39m
                    [0mÔå║[0m
                  [36m</button>[39m
                  [36m<button[39m
                    [33mclass[39m=[32m"absolute right-8 top-1/2 -translate-y-1/2 w-12 h-12 
bg-indigo-600 text-white rounded-full text-2xl shadow-lg"[39m
                  [36m>[39m
                    [0mÔå╗[0m
                  [36m</button>[39m
                [36m</div>[39m
              [36m</div>[39m
            [36m</main>[39m
          [36m</div>[39m
        [36m</div>[39m
      [36m</div>[39m
    [36m</body>[39m

    [0m [90m 129 |[39m       render([33m<[39m[33mDigitalSculpture[39m 
[33m/[39m[33m>[39m)[33m;[39m
     [90m 130 |[39m
    [31m[1m>[22m[39m[90m 131 |[39m       
expect(screen[33m.[39mgetByText([32m"S"[39m))[33m.[39mtoBeInTheDocument()[33m;[39m
     [90m     |[39m                     [31m[1m^[22m[39m
     [90m 132 |[39m       
expect(screen[33m.[39mgetByText([32m"M"[39m))[33m.[39mtoBeInTheDocument()[33m;[39m
     [90m 133 |[39m       
expect(screen[33m.[39mgetByText([32m"L"[39m))[33m.[39mtoBeInTheDocument()[33m;[39m
     [90m 134 |[39m     })[33m;[39m[0m

      at Object.getElementError (node_modules/@testing-library/dom/dist/config.js:37:19)
      at node_modules/@testing-library/dom/dist/query-helpers.js:76:38
      at node_modules/@testing-library/dom/dist/query-helpers.js:52:17
      at node_modules/@testing-library/dom/dist/query-helpers.js:95:19
      at Object.<anonymous> (src/components/DigitalSculpture.test.tsx:131:21)

  ÔùÅ DigitalSculpture Component ÔÇ║ RF-ART-002: Sistema de Pintura y Decoraci├│n ÔÇ║ Debe 
cambiar el tama├▒o del pincel al hacer clic

    TestingLibraryElementError: Unable to find an element with the text: L. This could be 
because the text is broken up by multiple elements. In this case, you can provide a function for 
your text matcher to make your matcher more flexible.

    Ignored nodes: comments, script, style
    [36m<body>[39m
      [36m<div>[39m
        [36m<div[39m
          [33mclass[39m=[32m"h-screen w-full bg-gray-50 flex flex-col overflow-hidden"[39m
        [36m>[39m
          [36m<header[39m
            [33mclass[39m=[32m"bg-indigo-600 text-white px-6 py-4 shadow-lg flex 
justify-between items-center"[39m
          [36m>[39m
            [36m<div>[39m
              [36m<h1[39m
                [33mclass[39m=[32m"text-2xl font-bold"[39m
              [36m>[39m
                [0m­ƒÄ¿ Escultura Digital 3D[0m
              [36m</h1>[39m
              [36m<p[39m
                [33mclass[39m=[32m"text-sm text-indigo-200"[39m
              [36m>[39m
                [0mM├│dulo interactivo - Mentes Creativas[0m
              [36m</p>[39m
            [36m</div>[39m
            [36m<button[39m
              [33mclass[39m=[32m"bg-yellow-500 hover:bg-yellow-600 px-4 py-2 rounded-full 
font-semibold transition"[39m
            [36m>[39m
              [0m­ƒöè [0m
              [0mActivar narraci├│n[0m
            [36m</button>[39m
          [36m</header>[39m
          [36m<div[39m
            [33mclass[39m=[32m"flex-1 flex overflow-hidden"[39m
          [36m>[39m
            [36m<aside[39m
              [33mclass[39m=[32m"w-72 bg-white border-r border-gray-200 p-4 
overflow-y-auto"[39m
            [36m>[39m
              [36m<h2[39m
                [33mclass[39m=[32m"text-lg font-bold mb-4 text-indigo-600"[39m
              [36m>[39m
                [0m­ƒøá´©Å Herramientas[0m
              [36m</h2>[39m
              [36m<div[39m
                [33mclass[39m=[32m"grid grid-cols-2 gap-3 mb-4"[39m
              [36m>[39m
                [36m<button[39m
                  [33mclass[39m=[32m"h-24 rounded-lg border-2 transition flex flex-col 
items-center justify-center bg-gray-100 border-gray-300"[39m
                [36m>[39m
                  [36m<div[39m
                    [33mclass[39m=[32m"text-3xl"[39m
                  [36m>[39m
                    [0mÔ£ï[0m
                  [36m</div>[39m
                  [36m<div[39m
                    [33mclass[39m=[32m"text-xs font-semibold text-gray-900"[39m
                  [36m>[39m
                    [0mMoldear[0m
                  [36m</div>[39m
                [36m</button>[39m
                [36m<button[39m
                  [33mclass[39m=[32m"h-24 rounded-lg border-2 transition flex flex-col 
items-center justify-center bg-gray-100 border-gray-300"[39m
                [36m>[39m
                  [36m<div[39m
                    [33mclass[39m=[32m"text-3xl"[39m
                  [36m>[39m
                    [0mÔ×ò[0m
                  [36m</div>[39m
                  [36m<div[39m
                    [33mclass[39m=[32m"text-xs font-semibold text-gray-900"[39m
                  [36m>[39m
                    [0mA├▒adir[0m
                  [36m</div>[39m
                [36m</button>[39m
                [36m<button[39m
                  [33mclass[39m=[32m"h-24 rounded-lg border-2 transition flex flex-col 
items-center justify-center bg-gray-100 border-gray-300"[39m
                [36m>[39m
                  [36m<div[39m
                    [33mclass[39m=[32m"text-3xl"[39m
                  [36m>[39m
                    [0m­ƒîè[0m
                  [36m</div>[39m
                  [36m<div[39m
                    [33mclass[39m=[32m"text-xs font-semibold text-gray-900"[39m
                  [36m>[39m
                    [0mSuavizar[0m
                  [36m</div>[39m
                [36m</button>[39m
                [36m<button[39m
                  [33mclass[39m=[32m"h-24 rounded-lg border-2 transition flex flex-col 
items-center justify-center bg-gray-100 border-gray-300"[39m
                [36m>[39m
                  [36m<div[39m
                    [33mclass[39m=[32m"text-3xl"[39m
                  [36m>[39m
                    [0m­ƒöì[0m
                  [36m</div>[39m
                  [36m<div[39m
                    [33mclass[39m=[32m"text-xs font-semibold text-gray-900"[39m
                  [36m>[39m
                    [0mDetalle[0m
                  [36m</div>[39m
                [36m</button>[39m
                [36m<button[39m
                  [33mclass[39m=[32m"h-24 rounded-lg border-2 transition flex flex-col 
items-center justify-center bg-gray-100 border-gray-300"[39m
                [36m>[39m
                  [36m<div[39m
                    [33mclass[39m=[32m"text-3xl"[39m
                  [36m>[39m
                    [0m­ƒÄ¿[0m
                  [36m</div>[39m
                  [36m<div[39m
                    [33mclass[39m=[32m"text-xs font-semibold text-gray-900"[39m
                  [36m>[39m
                    [0mPintar[0m
                  [36m</div>[39m
                [36m</button>[39m
                [36m<button[39m
                  [33mclass[39m=[32m"h-24 rounded-lg border-2 transition flex flex-col 
items-center justify-center bg-gray-100 border-gray-300"[39m
                [36m>[39m
                  [36m<div[39m
                    [33mclass[39m=[32m"text-3xl"[39m
                  [36m>[39m
                    [0m­ƒº¢[0m
                  [36m</div>[39m
                  [36m<div[39m
                    [33mclass[39m=[32m"text-xs font-semibold text-gray-900"[39m
                  [36m>[39m
                    [0mBorrar[0m
                  [36m</div>[39m
                [36m</button>[39m
              [36m</div>[39m
              [36m<h3[39m
                [33mclass[39m=[32m"font-semibold text-gray-700 mb-3"[39m
              [36m>[39m
                [0m­ƒÄ¿ Colores:[0m
              [36m</h3>[39m
              [36m<div[39m
                [33mclass[39m=[32m"flex gap-2 justify-center flex-wrap mb-6"[39m
              [36m>[39m
                [36m<button[39m
                  [33mclass[39m=[32m"w-10 h-10 rounded-full border-2 transition border-black 
border-4 scale-110"[39m
                  [33mstyle[39m=[32m"background-color: rgb(239, 68, 68);"[39m
                [36m/>[39m
                [36m<button[39m
                  [33mclass[39m=[32m"w-10 h-10 rounded-full border-2 transition 
border-gray-400"[39m
                  [33mstyle[39m=[32m"background-color: rgb(59, 130, 246);"[39m
                [36m/>[39m
                [36m<button[39m
                  [33mclass[39m=[32m"w-10 h-10 rounded-full border-2 transition 
border-gray-400"[39m
                  [33mstyle[39m=[32m"background-color: rgb(251, 191, 36);"[39m
                [36m/>[39m
                [36m<button[39m
                  [33mclass[39m=[32m"w-10 h-10 rounded-full border-2 transition 
border-gray-400"[39m
                  [33mstyle[39m=[32m"background-color: rgb(16, 185, 129);"[39m
                [36m/>[39m
                [36m<button[39m
                  [33mclass[39m=[32m"w-10 h-10 rounded-full border-2 transition 
border-gray-400"[39m
                  [33mstyle[39m=[32m"background-color: rgb(168, 85, 247);"[39m
                [36m/>[39m
              [36m</div>[39m
              [36m<div[39m
                [33mclass[39m=[32m"flex gap-2"[39m
              [36m>[39m
                [36m<button[39m
                  [33mclass[39m=[32m"flex-1 bg-green-500 hover:bg-green-600 text-white py-3 
rounded-lg font-semibold"[39m
                [36m>[39m
                  [0m­ƒÆ¥ Guardar[0m
                [36m</button>[39m
                [36m<button[39m
                  [33mclass[39m=[32m"flex-1 bg-orange-500 hover:bg-orange-600 text-white py-3 
rounded-lg font-semibold"[39m
                [36m>[39m
                  [0m­ƒöä Reiniciar[0m
                [36m</button>[39m
              [36m</div>[39m
            [36m</aside>[39m
            [36m<main[39m
              [33mclass[39m=[32m"flex-1 flex flex-col p-6"[39m
            [36m>[39m
              [36m<div[39m
                [33mclass[39m=[32m"bg-white rounded-lg shadow-lg flex-1 flex flex-col 
overflow-hidden"[39m
              [36m>[39m
                [36m<div[39m
                  [33mclass[39m=[32m"bg-gray-100 p-4 flex justify-between items-center 
border-b"[39m
                [36m>[39m
                  [36m<h2[39m
                    [33mclass[39m=[32m"text-lg font-bold text-gray-700"[39m
                  [36m>[39m
                    [0m­ƒÄ¡ ├ürea de Escultura[0m
                  [36m</h2>[39m
                [36m</div>[39m
                [36m<div[39m
                  [33mclass[39m=[32m"flex-1 relative bg-gray-50 flex items-center 
justify-center"[39m
                [36m>[39m
                  [36m<canvas[39m
                    [33mclass[39m=[32m"border-2 border-gray-300 rounded-lg 
cursor-crosshair"[39m
                    [33mheight[39m=[32m"600"[39m
                    [33mwidth[39m=[32m"800"[39m
                  [36m/>[39m
                  [36m<button[39m
                    [33mclass[39m=[32m"absolute left-8 top-1/2 -translate-y-1/2 w-12 h-12 
bg-indigo-600 text-white rounded-full text-2xl shadow-lg"[39m
                  [36m>[39m
                    [0mÔå║[0m
                  [36m</button>[39m
                  [36m<button[39m
                    [33mclass[39m=[32m"absolute right-8 top-1/2 -translate-y-1/2 w-12 h-12 
bg-indigo-600 text-white rounded-full text-2xl shadow-lg"[39m
                  [36m>[39m
                    [0mÔå╗[0m
                  [36m</button>[39m
                [36m</div>[39m
              [36m</div>[39m
            [36m</main>[39m
          [36m</div>[39m
        [36m</div>[39m
      [36m</div>[39m
    [36m</body>[39m

    [0m [90m 137 |[39m       render([33m<[39m[33mDigitalSculpture[39m 
[33m/[39m[33m>[39m)[33m;[39m
     [90m 138 |[39m
    [31m[1m>[22m[39m[90m 139 |[39m       [36mconst[39m sizeL [33m=[39m 
screen[33m.[39mgetByText([32m"L"[39m)[33m.[39mclosest([32m"button"[39m)[33m;[39m
     [90m     |[39m                            [31m[1m^[22m[39m
     [90m 140 |[39m
     [90m 141 |[39m       [36mif[39m (sizeL) {
     [90m 142 |[39m         fireEvent[33m.[39mclick(sizeL)[33m;[39m[0m

      at Object.getElementError (node_modules/@testing-library/dom/dist/config.js:37:19)
      at node_modules/@testing-library/dom/dist/query-helpers.js:76:38
      at node_modules/@testing-library/dom/dist/query-helpers.js:52:17
      at node_modules/@testing-library/dom/dist/query-helpers.js:95:19
      at Object.<anonymous> (src/components/DigitalSculpture.test.tsx:139:28)

  ÔùÅ DigitalSculpture Component ÔÇ║ RF-ART-003: Controles de Visualizaci├│n 3D ÔÇ║ Debe 
renderizar controles de zoom (+/-)

    TestingLibraryElementError: Unable to find an element with the text: +. This could be 
because the text is broken up by multiple elements. In this case, you can provide a function for 
your text matcher to make your matcher more flexible.

    Ignored nodes: comments, script, style
    [36m<body>[39m
      [36m<div>[39m
        [36m<div[39m
          [33mclass[39m=[32m"h-screen w-full bg-gray-50 flex flex-col overflow-hidden"[39m
        [36m>[39m
          [36m<header[39m
            [33mclass[39m=[32m"bg-indigo-600 text-white px-6 py-4 shadow-lg flex 
justify-between items-center"[39m
          [36m>[39m
            [36m<div>[39m
              [36m<h1[39m
                [33mclass[39m=[32m"text-2xl font-bold"[39m
              [36m>[39m
                [0m­ƒÄ¿ Escultura Digital 3D[0m
              [36m</h1>[39m
              [36m<p[39m
                [33mclass[39m=[32m"text-sm text-indigo-200"[39m
              [36m>[39m
                [0mM├│dulo interactivo - Mentes Creativas[0m
              [36m</p>[39m
            [36m</div>[39m
            [36m<button[39m
              [33mclass[39m=[32m"bg-yellow-500 hover:bg-yellow-600 px-4 py-2 rounded-full 
font-semibold transition"[39m
            [36m>[39m
              [0m­ƒöè [0m
              [0mActivar narraci├│n[0m
            [36m</button>[39m
          [36m</header>[39m
          [36m<div[39m
            [33mclass[39m=[32m"flex-1 flex overflow-hidden"[39m
          [36m>[39m
            [36m<aside[39m
              [33mclass[39m=[32m"w-72 bg-white border-r border-gray-200 p-4 
overflow-y-auto"[39m
            [36m>[39m
              [36m<h2[39m
                [33mclass[39m=[32m"text-lg font-bold mb-4 text-indigo-600"[39m
              [36m>[39m
                [0m­ƒøá´©Å Herramientas[0m
              [36m</h2>[39m
              [36m<div[39m
                [33mclass[39m=[32m"grid grid-cols-2 gap-3 mb-4"[39m
              [36m>[39m
                [36m<button[39m
                  [33mclass[39m=[32m"h-24 rounded-lg border-2 transition flex flex-col 
items-center justify-center bg-gray-100 border-gray-300"[39m
                [36m>[39m
                  [36m<div[39m
                    [33mclass[39m=[32m"text-3xl"[39m
                  [36m>[39m
                    [0mÔ£ï[0m
                  [36m</div>[39m
                  [36m<div[39m
                    [33mclass[39m=[32m"text-xs font-semibold text-gray-900"[39m
                  [36m>[39m
                    [0mMoldear[0m
                  [36m</div>[39m
                [36m</button>[39m
                [36m<button[39m
                  [33mclass[39m=[32m"h-24 rounded-lg border-2 transition flex flex-col 
items-center justify-center bg-gray-100 border-gray-300"[39m
                [36m>[39m
                  [36m<div[39m
                    [33mclass[39m=[32m"text-3xl"[39m
                  [36m>[39m
                    [0mÔ×ò[0m
                  [36m</div>[39m
                  [36m<div[39m
                    [33mclass[39m=[32m"text-xs font-semibold text-gray-900"[39m
                  [36m>[39m
                    [0mA├▒adir[0m
                  [36m</div>[39m
                [36m</button>[39m
                [36m<button[39m
                  [33mclass[39m=[32m"h-24 rounded-lg border-2 transition flex flex-col 
items-center justify-center bg-gray-100 border-gray-300"[39m
                [36m>[39m
                  [36m<div[39m
                    [33mclass[39m=[32m"text-3xl"[39m
                  [36m>[39m
                    [0m­ƒîè[0m
                  [36m</div>[39m
                  [36m<div[39m
                    [33mclass[39m=[32m"text-xs font-semibold text-gray-900"[39m
                  [36m>[39m
                    [0mSuavizar[0m
                  [36m</div>[39m
                [36m</button>[39m
                [36m<button[39m
                  [33mclass[39m=[32m"h-24 rounded-lg border-2 transition flex flex-col 
items-center justify-center bg-gray-100 border-gray-300"[39m
                [36m>[39m
                  [36m<div[39m
                    [33mclass[39m=[32m"text-3xl"[39m
                  [36m>[39m
                    [0m­ƒöì[0m
                  [36m</div>[39m
                  [36m<div[39m
                    [33mclass[39m=[32m"text-xs font-semibold text-gray-900"[39m
                  [36m>[39m
                    [0mDetalle[0m
                  [36m</div>[39m
                [36m</button>[39m
                [36m<button[39m
                  [33mclass[39m=[32m"h-24 rounded-lg border-2 transition flex flex-col 
items-center justify-center bg-gray-100 border-gray-300"[39m
                [36m>[39m
                  [36m<div[39m
                    [33mclass[39m=[32m"text-3xl"[39m
                  [36m>[39m
                    [0m­ƒÄ¿[0m
                  [36m</div>[39m
                  [36m<div[39m
                    [33mclass[39m=[32m"text-xs font-semibold text-gray-900"[39m
                  [36m>[39m
                    [0mPintar[0m
                  [36m</div>[39m
                [36m</button>[39m
                [36m<button[39m
                  [33mclass[39m=[32m"h-24 rounded-lg border-2 transition flex flex-col 
items-center justify-center bg-gray-100 border-gray-300"[39m
                [36m>[39m
                  [36m<div[39m
                    [33mclass[39m=[32m"text-3xl"[39m
                  [36m>[39m
                    [0m­ƒº¢[0m
                  [36m</div>[39m
                  [36m<div[39m
                    [33mclass[39m=[32m"text-xs font-semibold text-gray-900"[39m
                  [36m>[39m
                    [0mBorrar[0m
                  [36m</div>[39m
                [36m</button>[39m
              [36m</div>[39m
              [36m<h3[39m
                [33mclass[39m=[32m"font-semibold text-gray-700 mb-3"[39m
              [36m>[39m
                [0m­ƒÄ¿ Colores:[0m
              [36m</h3>[39m
              [36m<div[39m
                [33mclass[39m=[32m"flex gap-2 justify-center flex-wrap mb-6"[39m
              [36m>[39m
                [36m<button[39m
                  [33mclass[39m=[32m"w-10 h-10 rounded-full border-2 transition border-black 
border-4 scale-110"[39m
                  [33mstyle[39m=[32m"background-color: rgb(239, 68, 68);"[39m
                [36m/>[39m
                [36m<button[39m
                  [33mclass[39m=[32m"w-10 h-10 rounded-full border-2 transition 
border-gray-400"[39m
                  [33mstyle[39m=[32m"background-color: rgb(59, 130, 246);"[39m
                [36m/>[39m
                [36m<button[39m
                  [33mclass[39m=[32m"w-10 h-10 rounded-full border-2 transition 
border-gray-400"[39m
                  [33mstyle[39m=[32m"background-color: rgb(251, 191, 36);"[39m
                [36m/>[39m
                [36m<button[39m
                  [33mclass[39m=[32m"w-10 h-10 rounded-full border-2 transition 
border-gray-400"[39m
                  [33mstyle[39m=[32m"background-color: rgb(16, 185, 129);"[39m
                [36m/>[39m
                [36m<button[39m
                  [33mclass[39m=[32m"w-10 h-10 rounded-full border-2 transition 
border-gray-400"[39m
                  [33mstyle[39m=[32m"background-color: rgb(168, 85, 247);"[39m
                [36m/>[39m
              [36m</div>[39m
              [36m<div[39m
                [33mclass[39m=[32m"flex gap-2"[39m
              [36m>[39m
                [36m<button[39m
                  [33mclass[39m=[32m"flex-1 bg-green-500 hover:bg-green-600 text-white py-3 
rounded-lg font-semibold"[39m
                [36m>[39m
                  [0m­ƒÆ¥ Guardar[0m
                [36m</button>[39m
                [36m<button[39m
                  [33mclass[39m=[32m"flex-1 bg-orange-500 hover:bg-orange-600 text-white py-3 
rounded-lg font-semibold"[39m
                [36m>[39m
                  [0m­ƒöä Reiniciar[0m
                [36m</button>[39m
              [36m</div>[39m
            [36m</aside>[39m
            [36m<main[39m
              [33mclass[39m=[32m"flex-1 flex flex-col p-6"[39m
            [36m>[39m
              [36m<div[39m
                [33mclass[39m=[32m"bg-white rounded-lg shadow-lg flex-1 flex flex-col 
overflow-hidden"[39m
              [36m>[39m
                [36m<div[39m
                  [33mclass[39m=[32m"bg-gray-100 p-4 flex justify-between items-center 
border-b"[39m
                [36m>[39m
                  [36m<h2[39m
                    [33mclass[39m=[32m"text-lg font-bold text-gray-700"[39m
                  [36m>[39m
                    [0m­ƒÄ¡ ├ürea de Escultura[0m
                  [36m</h2>[39m
                [36m</div>[39m
                [36m<div[39m
                  [33mclass[39m=[32m"flex-1 relative bg-gray-50 flex items-center 
justify-center"[39m
                [36m>[39m
                  [36m<canvas[39m
                    [33mclass[39m=[32m"border-2 border-gray-300 rounded-lg 
cursor-crosshair"[39m
                    [33mheight[39m=[32m"600"[39m
                    [33mwidth[39m=[32m"800"[39m
                  [36m/>[39m
                  [36m<button[39m
                    [33mclass[39m=[32m"absolute left-8 top-1/2 -translate-y-1/2 w-12 h-12 
bg-indigo-600 text-white rounded-full text-2xl shadow-lg"[39m
                  [36m>[39m
                    [0mÔå║[0m
                  [36m</button>[39m
                  [36m<button[39m
                    [33mclass[39m=[32m"absolute right-8 top-1/2 -translate-y-1/2 w-12 h-12 
bg-indigo-600 text-white rounded-full text-2xl shadow-lg"[39m
                  [36m>[39m
                    [0mÔå╗[0m
                  [36m</button>[39m
                [36m</div>[39m
              [36m</div>[39m
            [36m</main>[39m
          [36m</div>[39m
        [36m</div>[39m
      [36m</div>[39m
    [36m</body>[39m

    [0m [90m 161 |[39m       render([33m<[39m[33mDigitalSculpture[39m 
[33m/[39m[33m>[39m)[33m;[39m
     [90m 162 |[39m
    [31m[1m>[22m[39m[90m 163 |[39m       
expect(screen[33m.[39mgetByText([32m"+"[39m))[33m.[39mtoBeInTheDocument()[33m;[39m
     [90m     |[39m                     [31m[1m^[22m[39m
     [90m 164 |[39m       
expect(screen[33m.[39mgetByText([32m"ÔêÆ"[39m))[33m.[39mtoBeInTheDocument()[33m;[39m
     [90m 165 |[39m     })[33m;[39m
     [90m 166 |[39m[0m

      at Object.getElementError (node_modules/@testing-library/dom/dist/config.js:37:19)
      at node_modules/@testing-library/dom/dist/query-helpers.js:76:38
      at node_modules/@testing-library/dom/dist/query-helpers.js:52:17
      at node_modules/@testing-library/dom/dist/query-helpers.js:95:19
      at Object.<anonymous> (src/components/DigitalSculpture.test.tsx:163:21)

  ÔùÅ DigitalSculpture Component ÔÇ║ RF-ART-003: Controles de Visualizaci├│n 3D ÔÇ║ Debe cambiar 
zoom al hacer clic en botones +/-

    TestingLibraryElementError: Unable to find an element with the text: +. This could be 
because the text is broken up by multiple elements. In this case, you can provide a function for 
your text matcher to make your matcher more flexible.

    Ignored nodes: comments, script, style
    [36m<body>[39m
      [36m<div>[39m
        [36m<div[39m
          [33mclass[39m=[32m"h-screen w-full bg-gray-50 flex flex-col overflow-hidden"[39m
        [36m>[39m
          [36m<header[39m
            [33mclass[39m=[32m"bg-indigo-600 text-white px-6 py-4 shadow-lg flex 
justify-between items-center"[39m
          [36m>[39m
            [36m<div>[39m
              [36m<h1[39m
                [33mclass[39m=[32m"text-2xl font-bold"[39m
              [36m>[39m
                [0m­ƒÄ¿ Escultura Digital 3D[0m
              [36m</h1>[39m
              [36m<p[39m
                [33mclass[39m=[32m"text-sm text-indigo-200"[39m
              [36m>[39m
                [0mM├│dulo interactivo - Mentes Creativas[0m
              [36m</p>[39m
            [36m</div>[39m
            [36m<button[39m
              [33mclass[39m=[32m"bg-yellow-500 hover:bg-yellow-600 px-4 py-2 rounded-full 
font-semibold transition"[39m
            [36m>[39m
              [0m­ƒöè [0m
              [0mActivar narraci├│n[0m
            [36m</button>[39m
          [36m</header>[39m
          [36m<div[39m
            [33mclass[39m=[32m"flex-1 flex overflow-hidden"[39m
          [36m>[39m
            [36m<aside[39m
              [33mclass[39m=[32m"w-72 bg-white border-r border-gray-200 p-4 
overflow-y-auto"[39m
            [36m>[39m
              [36m<h2[39m
                [33mclass[39m=[32m"text-lg font-bold mb-4 text-indigo-600"[39m
              [36m>[39m
                [0m­ƒøá´©Å Herramientas[0m
              [36m</h2>[39m
              [36m<div[39m
                [33mclass[39m=[32m"grid grid-cols-2 gap-3 mb-4"[39m
              [36m>[39m
                [36m<button[39m
                  [33mclass[39m=[32m"h-24 rounded-lg border-2 transition flex flex-col 
items-center justify-center bg-gray-100 border-gray-300"[39m
                [36m>[39m
                  [36m<div[39m
                    [33mclass[39m=[32m"text-3xl"[39m
                  [36m>[39m
                    [0mÔ£ï[0m
                  [36m</div>[39m
                  [36m<div[39m
                    [33mclass[39m=[32m"text-xs font-semibold text-gray-900"[39m
                  [36m>[39m
                    [0mMoldear[0m
                  [36m</div>[39m
                [36m</button>[39m
                [36m<button[39m
                  [33mclass[39m=[32m"h-24 rounded-lg border-2 transition flex flex-col 
items-center justify-center bg-gray-100 border-gray-300"[39m
                [36m>[39m
                  [36m<div[39m
                    [33mclass[39m=[32m"text-3xl"[39m
                  [36m>[39m
                    [0mÔ×ò[0m
                  [36m</div>[39m
                  [36m<div[39m
                    [33mclass[39m=[32m"text-xs font-semibold text-gray-900"[39m
                  [36m>[39m
                    [0mA├▒adir[0m
                  [36m</div>[39m
                [36m</button>[39m
                [36m<button[39m
                  [33mclass[39m=[32m"h-24 rounded-lg border-2 transition flex flex-col 
items-center justify-center bg-gray-100 border-gray-300"[39m
                [36m>[39m
                  [36m<div[39m
                    [33mclass[39m=[32m"text-3xl"[39m
                  [36m>[39m
                    [0m­ƒîè[0m
                  [36m</div>[39m
                  [36m<div[39m
                    [33mclass[39m=[32m"text-xs font-semibold text-gray-900"[39m
                  [36m>[39m
                    [0mSuavizar[0m
                  [36m</div>[39m
                [36m</button>[39m
                [36m<button[39m
                  [33mclass[39m=[32m"h-24 rounded-lg border-2 transition flex flex-col 
items-center justify-center bg-gray-100 border-gray-300"[39m
                [36m>[39m
                  [36m<div[39m
                    [33mclass[39m=[32m"text-3xl"[39m
                  [36m>[39m
                    [0m­ƒöì[0m
                  [36m</div>[39m
                  [36m<div[39m
                    [33mclass[39m=[32m"text-xs font-semibold text-gray-900"[39m
                  [36m>[39m
                    [0mDetalle[0m
                  [36m</div>[39m
                [36m</button>[39m
                [36m<button[39m
                  [33mclass[39m=[32m"h-24 rounded-lg border-2 transition flex flex-col 
items-center justify-center bg-gray-100 border-gray-300"[39m
                [36m>[39m
                  [36m<div[39m
                    [33mclass[39m=[32m"text-3xl"[39m
                  [36m>[39m
                    [0m­ƒÄ¿[0m
                  [36m</div>[39m
                  [36m<div[39m
                    [33mclass[39m=[32m"text-xs font-semibold text-gray-900"[39m
                  [36m>[39m
                    [0mPintar[0m
                  [36m</div>[39m
                [36m</button>[39m
                [36m<button[39m
                  [33mclass[39m=[32m"h-24 rounded-lg border-2 transition flex flex-col 
items-center justify-center bg-gray-100 border-gray-300"[39m
                [36m>[39m
                  [36m<div[39m
                    [33mclass[39m=[32m"text-3xl"[39m
                  [36m>[39m
                    [0m­ƒº¢[0m
                  [36m</div>[39m
                  [36m<div[39m
                    [33mclass[39m=[32m"text-xs font-semibold text-gray-900"[39m
                  [36m>[39m
                    [0mBorrar[0m
                  [36m</div>[39m
                [36m</button>[39m
              [36m</div>[39m
              [36m<h3[39m
                [33mclass[39m=[32m"font-semibold text-gray-700 mb-3"[39m
              [36m>[39m
                [0m­ƒÄ¿ Colores:[0m
              [36m</h3>[39m
              [36m<div[39m
                [33mclass[39m=[32m"flex gap-2 justify-center flex-wrap mb-6"[39m
              [36m>[39m
                [36m<button[39m
                  [33mclass[39m=[32m"w-10 h-10 rounded-full border-2 transition border-black 
border-4 scale-110"[39m
                  [33mstyle[39m=[32m"background-color: rgb(239, 68, 68);"[39m
                [36m/>[39m
                [36m<button[39m
                  [33mclass[39m=[32m"w-10 h-10 rounded-full border-2 transition 
border-gray-400"[39m
                  [33mstyle[39m=[32m"background-color: rgb(59, 130, 246);"[39m
                [36m/>[39m
                [36m<button[39m
                  [33mclass[39m=[32m"w-10 h-10 rounded-full border-2 transition 
border-gray-400"[39m
                  [33mstyle[39m=[32m"background-color: rgb(251, 191, 36);"[39m
                [36m/>[39m
                [36m<button[39m
                  [33mclass[39m=[32m"w-10 h-10 rounded-full border-2 transition 
border-gray-400"[39m
                  [33mstyle[39m=[32m"background-color: rgb(16, 185, 129);"[39m
                [36m/>[39m
                [36m<button[39m
                  [33mclass[39m=[32m"w-10 h-10 rounded-full border-2 transition 
border-gray-400"[39m
                  [33mstyle[39m=[32m"background-color: rgb(168, 85, 247);"[39m
                [36m/>[39m
              [36m</div>[39m
              [36m<div[39m
                [33mclass[39m=[32m"flex gap-2"[39m
              [36m>[39m
                [36m<button[39m
                  [33mclass[39m=[32m"flex-1 bg-green-500 hover:bg-green-600 text-white py-3 
rounded-lg font-semibold"[39m
                [36m>[39m
                  [0m­ƒÆ¥ Guardar[0m
                [36m</button>[39m
                [36m<button[39m
                  [33mclass[39m=[32m"flex-1 bg-orange-500 hover:bg-orange-600 text-white py-3 
rounded-lg font-semibold"[39m
                [36m>[39m
                  [0m­ƒöä Reiniciar[0m
                [36m</button>[39m
              [36m</div>[39m
            [36m</aside>[39m
            [36m<main[39m
              [33mclass[39m=[32m"flex-1 flex flex-col p-6"[39m
            [36m>[39m
              [36m<div[39m
                [33mclass[39m=[32m"bg-white rounded-lg shadow-lg flex-1 flex flex-col 
overflow-hidden"[39m
              [36m>[39m
                [36m<div[39m
                  [33mclass[39m=[32m"bg-gray-100 p-4 flex justify-between items-center 
border-b"[39m
                [36m>[39m
                  [36m<h2[39m
                    [33mclass[39m=[32m"text-lg font-bold text-gray-700"[39m
                  [36m>[39m
                    [0m­ƒÄ¡ ├ürea de Escultura[0m
                  [36m</h2>[39m
                [36m</div>[39m
                [36m<div[39m
                  [33mclass[39m=[32m"flex-1 relative bg-gray-50 flex items-center 
justify-center"[39m
                [36m>[39m
                  [36m<canvas[39m
                    [33mclass[39m=[32m"border-2 border-gray-300 rounded-lg 
cursor-crosshair"[39m
                    [33mheight[39m=[32m"600"[39m
                    [33mwidth[39m=[32m"800"[39m
                  [36m/>[39m
                  [36m<button[39m
                    [33mclass[39m=[32m"absolute left-8 top-1/2 -translate-y-1/2 w-12 h-12 
bg-indigo-600 text-white rounded-full text-2xl shadow-lg"[39m
                  [36m>[39m
                    [0mÔå║[0m
                  [36m</button>[39m
                  [36m<button[39m
                    [33mclass[39m=[32m"absolute right-8 top-1/2 -translate-y-1/2 w-12 h-12 
bg-indigo-600 text-white rounded-full text-2xl shadow-lg"[39m
                  [36m>[39m
                    [0mÔå╗[0m
                  [36m</button>[39m
                [36m</div>[39m
              [36m</div>[39m
            [36m</main>[39m
          [36m</div>[39m
        [36m</div>[39m
      [36m</div>[39m
    [36m</body>[39m

    [0m [90m 179 |[39m       render([33m<[39m[33mDigitalSculpture[39m 
[33m/[39m[33m>[39m)[33m;[39m
     [90m 180 |[39m
    [31m[1m>[22m[39m[90m 181 |[39m       [36mconst[39m zoomInButton [33m=[39m 
screen[33m.[39mgetByText([32m"+"[39m)[33m;[39m
     [90m     |[39m                                   [31m[1m^[22m[39m
     [90m 182 |[39m       [36mconst[39m zoomOutButton [33m=[39m 
screen[33m.[39mgetByText([32m"ÔêÆ"[39m)[33m;[39m
     [90m 183 |[39m
     [90m 184 |[39m       fireEvent[33m.[39mclick(zoomInButton)[33m;[39m[0m

      at Object.getElementError (node_modules/@testing-library/dom/dist/config.js:37:19)
      at node_modules/@testing-library/dom/dist/query-helpers.js:76:38
      at node_modules/@testing-library/dom/dist/query-helpers.js:52:17
      at node_modules/@testing-library/dom/dist/query-helpers.js:95:19
      at Object.<anonymous> (src/components/DigitalSculpture.test.tsx:181:35)

  ÔùÅ DigitalSculpture Component ÔÇ║ RF-ART-004: Sistema de Instrucciones Narradas ÔÇ║ Debe 
renderizar bot├│n de narraci├│n en el header

    TestingLibraryElementError: Unable to find an element with the text: /Narraci├│n/. This 
could be because the text is broken up by multiple elements. In this case, you can provide a 
function for your text matcher to make your matcher more flexible.

    Ignored nodes: comments, script, style
    [36m<body>[39m
      [36m<div>[39m
        [36m<div[39m
          [33mclass[39m=[32m"h-screen w-full bg-gray-50 flex flex-col overflow-hidden"[39m
        [36m>[39m
          [36m<header[39m
            [33mclass[39m=[32m"bg-indigo-600 text-white px-6 py-4 shadow-lg flex 
justify-between items-center"[39m
          [36m>[39m
            [36m<div>[39m
              [36m<h1[39m
                [33mclass[39m=[32m"text-2xl font-bold"[39m
              [36m>[39m
                [0m­ƒÄ¿ Escultura Digital 3D[0m
              [36m</h1>[39m
              [36m<p[39m
                [33mclass[39m=[32m"text-sm text-indigo-200"[39m
              [36m>[39m
                [0mM├│dulo interactivo - Mentes Creativas[0m
              [36m</p>[39m
            [36m</div>[39m
            [36m<button[39m
              [33mclass[39m=[32m"bg-yellow-500 hover:bg-yellow-600 px-4 py-2 rounded-full 
font-semibold transition"[39m
            [36m>[39m
              [0m­ƒöè [0m
              [0mActivar narraci├│n[0m
            [36m</button>[39m
          [36m</header>[39m
          [36m<div[39m
            [33mclass[39m=[32m"flex-1 flex overflow-hidden"[39m
          [36m>[39m
            [36m<aside[39m
              [33mclass[39m=[32m"w-72 bg-white border-r border-gray-200 p-4 
overflow-y-auto"[39m
            [36m>[39m
              [36m<h2[39m
                [33mclass[39m=[32m"text-lg font-bold mb-4 text-indigo-600"[39m
              [36m>[39m
                [0m­ƒøá´©Å Herramientas[0m
              [36m</h2>[39m
              [36m<div[39m
                [33mclass[39m=[32m"grid grid-cols-2 gap-3 mb-4"[39m
              [36m>[39m
                [36m<button[39m
                  [33mclass[39m=[32m"h-24 rounded-lg border-2 transition flex flex-col 
items-center justify-center bg-gray-100 border-gray-300"[39m
                [36m>[39m
                  [36m<div[39m
                    [33mclass[39m=[32m"text-3xl"[39m
                  [36m>[39m
                    [0mÔ£ï[0m
                  [36m</div>[39m
                  [36m<div[39m
                    [33mclass[39m=[32m"text-xs font-semibold text-gray-900"[39m
                  [36m>[39m
                    [0mMoldear[0m
                  [36m</div>[39m
                [36m</button>[39m
                [36m<button[39m
                  [33mclass[39m=[32m"h-24 rounded-lg border-2 transition flex flex-col 
items-center justify-center bg-gray-100 border-gray-300"[39m
                [36m>[39m
                  [36m<div[39m
                    [33mclass[39m=[32m"text-3xl"[39m
                  [36m>[39m
                    [0mÔ×ò[0m
                  [36m</div>[39m
                  [36m<div[39m
                    [33mclass[39m=[32m"text-xs font-semibold text-gray-900"[39m
                  [36m>[39m
                    [0mA├▒adir[0m
                  [36m</div>[39m
                [36m</button>[39m
                [36m<button[39m
                  [33mclass[39m=[32m"h-24 rounded-lg border-2 transition flex flex-col 
items-center justify-center bg-gray-100 border-gray-300"[39m
                [36m>[39m
                  [36m<div[39m
                    [33mclass[39m=[32m"text-3xl"[39m
                  [36m>[39m
                    [0m­ƒîè[0m
                  [36m</div>[39m
                  [36m<div[39m
                    [33mclass[39m=[32m"text-xs font-semibold text-gray-900"[39m
                  [36m>[39m
                    [0mSuavizar[0m
                  [36m</div>[39m
                [36m</button>[39m
                [36m<button[39m
                  [33mclass[39m=[32m"h-24 rounded-lg border-2 transition flex flex-col 
items-center justify-center bg-gray-100 border-gray-300"[39m
                [36m>[39m
                  [36m<div[39m
                    [33mclass[39m=[32m"text-3xl"[39m
                  [36m>[39m
                    [0m­ƒöì[0m
                  [36m</div>[39m
                  [36m<div[39m
                    [33mclass[39m=[32m"text-xs font-semibold text-gray-900"[39m
                  [36m>[39m
                    [0mDetalle[0m
                  [36m</div>[39m
                [36m</button>[39m
                [36m<button[39m
                  [33mclass[39m=[32m"h-24 rounded-lg border-2 transition flex flex-col 
items-center justify-center bg-gray-100 border-gray-300"[39m
                [36m>[39m
                  [36m<div[39m
                    [33mclass[39m=[32m"text-3xl"[39m
                  [36m>[39m
                    [0m­ƒÄ¿[0m
                  [36m</div>[39m
                  [36m<div[39m
                    [33mclass[39m=[32m"text-xs font-semibold text-gray-900"[39m
                  [36m>[39m
                    [0mPintar[0m
                  [36m</div>[39m
                [36m</button>[39m
                [36m<button[39m
                  [33mclass[39m=[32m"h-24 rounded-lg border-2 transition flex flex-col 
items-center justify-center bg-gray-100 border-gray-300"[39m
                [36m>[39m
                  [36m<div[39m
                    [33mclass[39m=[32m"text-3xl"[39m
                  [36m>[39m
                    [0m­ƒº¢[0m
                  [36m</div>[39m
                  [36m<div[39m
                    [33mclass[39m=[32m"text-xs font-semibold text-gray-900"[39m
                  [36m>[39m
                    [0mBorrar[0m
                  [36m</div>[39m
                [36m</button>[39m
              [36m</div>[39m
              [36m<h3[39m
                [33mclass[39m=[32m"font-semibold text-gray-700 mb-3"[39m
              [36m>[39m
                [0m­ƒÄ¿ Colores:[0m
              [36m</h3>[39m
              [36m<div[39m
                [33mclass[39m=[32m"flex gap-2 justify-center flex-wrap mb-6"[39m
              [36m>[39m
                [36m<button[39m
                  [33mclass[39m=[32m"w-10 h-10 rounded-full border-2 transition border-black 
border-4 scale-110"[39m
                  [33mstyle[39m=[32m"background-color: rgb(239, 68, 68);"[39m
                [36m/>[39m
                [36m<button[39m
                  [33mclass[39m=[32m"w-10 h-10 rounded-full border-2 transition 
border-gray-400"[39m
                  [33mstyle[39m=[32m"background-color: rgb(59, 130, 246);"[39m
                [36m/>[39m
                [36m<button[39m
                  [33mclass[39m=[32m"w-10 h-10 rounded-full border-2 transition 
border-gray-400"[39m
                  [33mstyle[39m=[32m"background-color: rgb(251, 191, 36);"[39m
                [36m/>[39m
                [36m<button[39m
                  [33mclass[39m=[32m"w-10 h-10 rounded-full border-2 transition 
border-gray-400"[39m
                  [33mstyle[39m=[32m"background-color: rgb(16, 185, 129);"[39m
                [36m/>[39m
                [36m<button[39m
                  [33mclass[39m=[32m"w-10 h-10 rounded-full border-2 transition 
border-gray-400"[39m
                  [33mstyle[39m=[32m"background-color: rgb(168, 85, 247);"[39m
                [36m/>[39m
              [36m</div>[39m
              [36m<div[39m
                [33mclass[39m=[32m"flex gap-2"[39m
              [36m>[39m
                [36m<button[39m
                  [33mclass[39m=[32m"flex-1 bg-green-500 hover:bg-green-600 text-white py-3 
rounded-lg font-semibold"[39m
                [36m>[39m
                  [0m­ƒÆ¥ Guardar[0m
                [36m</button>[39m
                [36m<button[39m
                  [33mclass[39m=[32m"flex-1 bg-orange-500 hover:bg-orange-600 text-white py-3 
rounded-lg font-semibold"[39m
                [36m>[39m
                  [0m­ƒöä Reiniciar[0m
                [36m</button>[39m
              [36m</div>[39m
            [36m</aside>[39m
            [36m<main[39m
              [33mclass[39m=[32m"flex-1 flex flex-col p-6"[39m
            [36m>[39m
              [36m<div[39m
                [33mclass[39m=[32m"bg-white rounded-lg shadow-lg flex-1 flex flex-col 
overflow-hidden"[39m
              [36m>[39m
                [36m<div[39m
                  [33mclass[39m=[32m"bg-gray-100 p-4 flex justify-between items-center 
border-b"[39m
                [36m>[39m
                  [36m<h2[39m
                    [33mclass[39m=[32m"text-lg font-bold text-gray-700"[39m
                  [36m>[39m
                    [0m­ƒÄ¡ ├ürea de Escultura[0m
                  [36m</h2>[39m
                [36m</div>[39m
                [36m<div[39m
                  [33mclass[39m=[32m"flex-1 relative bg-gray-50 flex items-center 
justify-center"[39m
                [36m>[39m
                  [36m<canvas[39m
                    [33mclass[39m=[32m"border-2 border-gray-300 rounded-lg 
cursor-crosshair"[39m
                    [33mheight[39m=[32m"600"[39m
                    [33mwidth[39m=[32m"800"[39m
                  [36m/>[39m
                  [36m<button[39m
                    [33mclass[39m=[32m"absolute left-8 top-1/2 -translate-y-1/2 w-12 h-12 
bg-indigo-600 text-white rounded-full text-2xl shadow-lg"[39m
                  [36m>[39m
                    [0mÔå║[0m
                  [36m</button>[39m
                  [36m<button[39m
                    [33mclass[39m=[32m"absolute right-8 top-1/2 -translate-y-1/2 w-12 h-12 
bg-indigo-600 text-white rounded-full text-2xl shadow-lg"[39m
                  [36m>[39m
                    [0mÔå╗[0m
                  [36m</button>[39m
                [36m</div>[39m
              [36m</div>[39m
            [36m</main>[39m
          [36m</div>[39m
        [36m</div>[39m
      [36m</div>[39m
    [36m</body>[39m

    [0m [90m 198 |[39m       render([33m<[39m[33mDigitalSculpture[39m 
[33m/[39m[33m>[39m)[33m;[39m
     [90m 199 |[39m
    [31m[1m>[22m[39m[90m 200 |[39m       [36mconst[39m narrationButton [33m=[39m 
screen[33m.[39mgetByText([35m/Narraci├│n/[39m)[33m;[39m
     [90m     |[39m                                      [31m[1m^[22m[39m
     [90m 201 |[39m       expect(narrationButton)[33m.[39mtoBeInTheDocument()[33m;[39m
     [90m 202 |[39m     })[33m;[39m
     [90m 203 |[39m[0m

      at Object.getElementError (node_modules/@testing-library/dom/dist/config.js:37:19)
      at node_modules/@testing-library/dom/dist/query-helpers.js:76:38
      at node_modules/@testing-library/dom/dist/query-helpers.js:52:17
      at node_modules/@testing-library/dom/dist/query-helpers.js:95:19
      at Object.<anonymous> (src/components/DigitalSculpture.test.tsx:200:38)

  ÔùÅ DigitalSculpture Component ÔÇ║ RF-ART-004: Sistema de Instrucciones Narradas ÔÇ║ Debe 
cambiar estado al activar narraci├│n

    TestingLibraryElementError: Unable to find an element with the text: /Narraci├│n/. This 
could be because the text is broken up by multiple elements. In this case, you can provide a 
function for your text matcher to make your matcher more flexible.

    Ignored nodes: comments, script, style
    [36m<body>[39m
      [36m<div>[39m
        [36m<div[39m
          [33mclass[39m=[32m"h-screen w-full bg-gray-50 flex flex-col overflow-hidden"[39m
        [36m>[39m
          [36m<header[39m
            [33mclass[39m=[32m"bg-indigo-600 text-white px-6 py-4 shadow-lg flex 
justify-between items-center"[39m
          [36m>[39m
            [36m<div>[39m
              [36m<h1[39m
                [33mclass[39m=[32m"text-2xl font-bold"[39m
              [36m>[39m
                [0m­ƒÄ¿ Escultura Digital 3D[0m
              [36m</h1>[39m
              [36m<p[39m
                [33mclass[39m=[32m"text-sm text-indigo-200"[39m
              [36m>[39m
                [0mM├│dulo interactivo - Mentes Creativas[0m
              [36m</p>[39m
            [36m</div>[39m
            [36m<button[39m
              [33mclass[39m=[32m"bg-yellow-500 hover:bg-yellow-600 px-4 py-2 rounded-full 
font-semibold transition"[39m
            [36m>[39m
              [0m­ƒöè [0m
              [0mActivar narraci├│n[0m
            [36m</button>[39m
          [36m</header>[39m
          [36m<div[39m
            [33mclass[39m=[32m"flex-1 flex overflow-hidden"[39m
          [36m>[39m
            [36m<aside[39m
              [33mclass[39m=[32m"w-72 bg-white border-r border-gray-200 p-4 
overflow-y-auto"[39m
            [36m>[39m
              [36m<h2[39m
                [33mclass[39m=[32m"text-lg font-bold mb-4 text-indigo-600"[39m
              [36m>[39m
                [0m­ƒøá´©Å Herramientas[0m
              [36m</h2>[39m
              [36m<div[39m
                [33mclass[39m=[32m"grid grid-cols-2 gap-3 mb-4"[39m
              [36m>[39m
                [36m<button[39m
                  [33mclass[39m=[32m"h-24 rounded-lg border-2 transition flex flex-col 
items-center justify-center bg-gray-100 border-gray-300"[39m
                [36m>[39m
                  [36m<div[39m
                    [33mclass[39m=[32m"text-3xl"[39m
                  [36m>[39m
                    [0mÔ£ï[0m
                  [36m</div>[39m
                  [36m<div[39m
                    [33mclass[39m=[32m"text-xs font-semibold text-gray-900"[39m
                  [36m>[39m
                    [0mMoldear[0m
                  [36m</div>[39m
                [36m</button>[39m
                [36m<button[39m
                  [33mclass[39m=[32m"h-24 rounded-lg border-2 transition flex flex-col 
items-center justify-center bg-gray-100 border-gray-300"[39m
                [36m>[39m
                  [36m<div[39m
                    [33mclass[39m=[32m"text-3xl"[39m
                  [36m>[39m
                    [0mÔ×ò[0m
                  [36m</div>[39m
                  [36m<div[39m
                    [33mclass[39m=[32m"text-xs font-semibold text-gray-900"[39m
                  [36m>[39m
                    [0mA├▒adir[0m
                  [36m</div>[39m
                [36m</button>[39m
                [36m<button[39m
                  [33mclass[39m=[32m"h-24 rounded-lg border-2 transition flex flex-col 
items-center justify-center bg-gray-100 border-gray-300"[39m
                [36m>[39m
                  [36m<div[39m
                    [33mclass[39m=[32m"text-3xl"[39m
                  [36m>[39m
                    [0m­ƒîè[0m
                  [36m</div>[39m
                  [36m<div[39m
                    [33mclass[39m=[32m"text-xs font-semibold text-gray-900"[39m
                  [36m>[39m
                    [0mSuavizar[0m
                  [36m</div>[39m
                [36m</button>[39m
                [36m<button[39m
                  [33mclass[39m=[32m"h-24 rounded-lg border-2 transition flex flex-col 
items-center justify-center bg-gray-100 border-gray-300"[39m
                [36m>[39m
                  [36m<div[39m
                    [33mclass[39m=[32m"text-3xl"[39m
                  [36m>[39m
                    [0m­ƒöì[0m
                  [36m</div>[39m
                  [36m<div[39m
                    [33mclass[39m=[32m"text-xs font-semibold text-gray-900"[39m
                  [36m>[39m
                    [0mDetalle[0m
                  [36m</div>[39m
                [36m</button>[39m
                [36m<button[39m
                  [33mclass[39m=[32m"h-24 rounded-lg border-2 transition flex flex-col 
items-center justify-center bg-gray-100 border-gray-300"[39m
                [36m>[39m
                  [36m<div[39m
                    [33mclass[39m=[32m"text-3xl"[39m
                  [36m>[39m
                    [0m­ƒÄ¿[0m
                  [36m</div>[39m
                  [36m<div[39m
                    [33mclass[39m=[32m"text-xs font-semibold text-gray-900"[39m
                  [36m>[39m
                    [0mPintar[0m
                  [36m</div>[39m
                [36m</button>[39m
                [36m<button[39m
                  [33mclass[39m=[32m"h-24 rounded-lg border-2 transition flex flex-col 
items-center justify-center bg-gray-100 border-gray-300"[39m
                [36m>[39m
                  [36m<div[39m
                    [33mclass[39m=[32m"text-3xl"[39m
                  [36m>[39m
                    [0m­ƒº¢[0m
                  [36m</div>[39m
                  [36m<div[39m
                    [33mclass[39m=[32m"text-xs font-semibold text-gray-900"[39m
                  [36m>[39m
                    [0mBorrar[0m
                  [36m</div>[39m
                [36m</button>[39m
              [36m</div>[39m
              [36m<h3[39m
                [33mclass[39m=[32m"font-semibold text-gray-700 mb-3"[39m
              [36m>[39m
                [0m­ƒÄ¿ Colores:[0m
              [36m</h3>[39m
              [36m<div[39m
                [33mclass[39m=[32m"flex gap-2 justify-center flex-wrap mb-6"[39m
              [36m>[39m
                [36m<button[39m
                  [33mclass[39m=[32m"w-10 h-10 rounded-full border-2 transition border-black 
border-4 scale-110"[39m
                  [33mstyle[39m=[32m"background-color: rgb(239, 68, 68);"[39m
                [36m/>[39m
                [36m<button[39m
                  [33mclass[39m=[32m"w-10 h-10 rounded-full border-2 transition 
border-gray-400"[39m
                  [33mstyle[39m=[32m"background-color: rgb(59, 130, 246);"[39m
                [36m/>[39m
                [36m<button[39m
                  [33mclass[39m=[32m"w-10 h-10 rounded-full border-2 transition 
border-gray-400"[39m
                  [33mstyle[39m=[32m"background-color: rgb(251, 191, 36);"[39m
                [36m/>[39m
                [36m<button[39m
                  [33mclass[39m=[32m"w-10 h-10 rounded-full border-2 transition 
border-gray-400"[39m
                  [33mstyle[39m=[32m"background-color: rgb(16, 185, 129);"[39m
                [36m/>[39m
                [36m<button[39m
                  [33mclass[39m=[32m"w-10 h-10 rounded-full border-2 transition 
border-gray-400"[39m
                  [33mstyle[39m=[32m"background-color: rgb(168, 85, 247);"[39m
                [36m/>[39m
              [36m</div>[39m
              [36m<div[39m
                [33mclass[39m=[32m"flex gap-2"[39m
              [36m>[39m
                [36m<button[39m
                  [33mclass[39m=[32m"flex-1 bg-green-500 hover:bg-green-600 text-white py-3 
rounded-lg font-semibold"[39m
                [36m>[39m
                  [0m­ƒÆ¥ Guardar[0m
                [36m</button>[39m
                [36m<button[39m
                  [33mclass[39m=[32m"flex-1 bg-orange-500 hover:bg-orange-600 text-white py-3 
rounded-lg font-semibold"[39m
                [36m>[39m
                  [0m­ƒöä Reiniciar[0m
                [36m</button>[39m
              [36m</div>[39m
            [36m</aside>[39m
            [36m<main[39m
              [33mclass[39m=[32m"flex-1 flex flex-col p-6"[39m
            [36m>[39m
              [36m<div[39m
                [33mclass[39m=[32m"bg-white rounded-lg shadow-lg flex-1 flex flex-col 
overflow-hidden"[39m
              [36m>[39m
                [36m<div[39m
                  [33mclass[39m=[32m"bg-gray-100 p-4 flex justify-between items-center 
border-b"[39m
                [36m>[39m
                  [36m<h2[39m
                    [33mclass[39m=[32m"text-lg font-bold text-gray-700"[39m
                  [36m>[39m
                    [0m­ƒÄ¡ ├ürea de Escultura[0m
                  [36m</h2>[39m
                [36m</div>[39m
                [36m<div[39m
                  [33mclass[39m=[32m"flex-1 relative bg-gray-50 flex items-center 
justify-center"[39m
                [36m>[39m
                  [36m<canvas[39m
                    [33mclass[39m=[32m"border-2 border-gray-300 rounded-lg 
cursor-crosshair"[39m
                    [33mheight[39m=[32m"600"[39m
                    [33mwidth[39m=[32m"800"[39m
                  [36m/>[39m
                  [36m<button[39m
                    [33mclass[39m=[32m"absolute left-8 top-1/2 -translate-y-1/2 w-12 h-12 
bg-indigo-600 text-white rounded-full text-2xl shadow-lg"[39m
                  [36m>[39m
                    [0mÔå║[0m
                  [36m</button>[39m
                  [36m<button[39m
                    [33mclass[39m=[32m"absolute right-8 top-1/2 -translate-y-1/2 w-12 h-12 
bg-indigo-600 text-white rounded-full text-2xl shadow-lg"[39m
                  [36m>[39m
                    [0mÔå╗[0m
                  [36m</button>[39m
                [36m</div>[39m
              [36m</div>[39m
            [36m</main>[39m
          [36m</div>[39m
        [36m</div>[39m
      [36m</div>[39m
    [36m</body>[39m

    [0m [90m 205 |[39m       render([33m<[39m[33mDigitalSculpture[39m 
[33m/[39m[33m>[39m)[33m;[39m
     [90m 206 |[39m
    [31m[1m>[22m[39m[90m 207 |[39m       [36mconst[39m narrationButton [33m=[39m screen
[33m.[39mgetByText([35m/Narraci├│n/[39m)[33m.[39mclosest([32m"button"[39m)[33m;[39m
     [90m     |[39m                                      [31m[1m^[22m[39m
     [90m 208 |[39m
     [90m 209 |[39m       [36mif[39m (narrationButton) {
     [90m 210 |[39m         fireEvent[33m.[39mclick(narrationButton)[33m;[39m[0m

      at Object.getElementError (node_modules/@testing-library/dom/dist/config.js:37:19)
      at node_modules/@testing-library/dom/dist/query-helpers.js:76:38
      at node_modules/@testing-library/dom/dist/query-helpers.js:52:17
      at node_modules/@testing-library/dom/dist/query-helpers.js:95:19
      at Object.<anonymous> (src/components/DigitalSculpture.test.tsx:207:38)

  ÔùÅ DigitalSculpture Component ÔÇ║ RF-ART-004: Sistema de Instrucciones Narradas ÔÇ║ Debe 
renderizar instrucciones paso a paso

    TestingLibraryElementError: Unable to find an element with the text: Paso 1´©ÅÔâú. This 
could be because the text is broken up by multiple elements. In this case, you can provide a 
function for your text matcher to make your matcher more flexible.

    Ignored nodes: comments, script, style
    [36m<body>[39m
      [36m<div>[39m
        [36m<div[39m
          [33mclass[39m=[32m"h-screen w-full bg-gray-50 flex flex-col overflow-hidden"[39m
        [36m>[39m
          [36m<header[39m
            [33mclass[39m=[32m"bg-indigo-600 text-white px-6 py-4 shadow-lg flex 
justify-between items-center"[39m
          [36m>[39m
            [36m<div>[39m
              [36m<h1[39m
                [33mclass[39m=[32m"text-2xl font-bold"[39m
              [36m>[39m
                [0m­ƒÄ¿ Escultura Digital 3D[0m
              [36m</h1>[39m
              [36m<p[39m
                [33mclass[39m=[32m"text-sm text-indigo-200"[39m
              [36m>[39m
                [0mM├│dulo interactivo - Mentes Creativas[0m
              [36m</p>[39m
            [36m</div>[39m
            [36m<button[39m
              [33mclass[39m=[32m"bg-yellow-500 hover:bg-yellow-600 px-4 py-2 rounded-full 
font-semibold transition"[39m
            [36m>[39m
              [0m­ƒöè [0m
              [0mActivar narraci├│n[0m
            [36m</button>[39m
          [36m</header>[39m
          [36m<div[39m
            [33mclass[39m=[32m"flex-1 flex overflow-hidden"[39m
          [36m>[39m
            [36m<aside[39m
              [33mclass[39m=[32m"w-72 bg-white border-r border-gray-200 p-4 
overflow-y-auto"[39m
            [36m>[39m
              [36m<h2[39m
                [33mclass[39m=[32m"text-lg font-bold mb-4 text-indigo-600"[39m
              [36m>[39m
                [0m­ƒøá´©Å Herramientas[0m
              [36m</h2>[39m
              [36m<div[39m
                [33mclass[39m=[32m"grid grid-cols-2 gap-3 mb-4"[39m
              [36m>[39m
                [36m<button[39m
                  [33mclass[39m=[32m"h-24 rounded-lg border-2 transition flex flex-col 
items-center justify-center bg-gray-100 border-gray-300"[39m
                [36m>[39m
                  [36m<div[39m
                    [33mclass[39m=[32m"text-3xl"[39m
                  [36m>[39m
                    [0mÔ£ï[0m
                  [36m</div>[39m
                  [36m<div[39m
                    [33mclass[39m=[32m"text-xs font-semibold text-gray-900"[39m
                  [36m>[39m
                    [0mMoldear[0m
                  [36m</div>[39m
                [36m</button>[39m
                [36m<button[39m
                  [33mclass[39m=[32m"h-24 rounded-lg border-2 transition flex flex-col 
items-center justify-center bg-gray-100 border-gray-300"[39m
                [36m>[39m
                  [36m<div[39m
                    [33mclass[39m=[32m"text-3xl"[39m
                  [36m>[39m
                    [0mÔ×ò[0m
                  [36m</div>[39m
                  [36m<div[39m
                    [33mclass[39m=[32m"text-xs font-semibold text-gray-900"[39m
                  [36m>[39m
                    [0mA├▒adir[0m
                  [36m</div>[39m
                [36m</button>[39m
                [36m<button[39m
                  [33mclass[39m=[32m"h-24 rounded-lg border-2 transition flex flex-col 
items-center justify-center bg-gray-100 border-gray-300"[39m
                [36m>[39m
                  [36m<div[39m
                    [33mclass[39m=[32m"text-3xl"[39m
                  [36m>[39m
                    [0m­ƒîè[0m
                  [36m</div>[39m
                  [36m<div[39m
                    [33mclass[39m=[32m"text-xs font-semibold text-gray-900"[39m
                  [36m>[39m
                    [0mSuavizar[0m
                  [36m</div>[39m
                [36m</button>[39m
                [36m<button[39m
                  [33mclass[39m=[32m"h-24 rounded-lg border-2 transition flex flex-col 
items-center justify-center bg-gray-100 border-gray-300"[39m
                [36m>[39m
                  [36m<div[39m
                    [33mclass[39m=[32m"text-3xl"[39m
                  [36m>[39m
                    [0m­ƒöì[0m
                  [36m</div>[39m
                  [36m<div[39m
                    [33mclass[39m=[32m"text-xs font-semibold text-gray-900"[39m
                  [36m>[39m
                    [0mDetalle[0m
                  [36m</div>[39m
                [36m</button>[39m
                [36m<button[39m
                  [33mclass[39m=[32m"h-24 rounded-lg border-2 transition flex flex-col 
items-center justify-center bg-gray-100 border-gray-300"[39m
                [36m>[39m
                  [36m<div[39m
                    [33mclass[39m=[32m"text-3xl"[39m
                  [36m>[39m
                    [0m­ƒÄ¿[0m
                  [36m</div>[39m
                  [36m<div[39m
                    [33mclass[39m=[32m"text-xs font-semibold text-gray-900"[39m
                  [36m>[39m
                    [0mPintar[0m
                  [36m</div>[39m
                [36m</button>[39m
                [36m<button[39m
                  [33mclass[39m=[32m"h-24 rounded-lg border-2 transition flex flex-col 
items-center justify-center bg-gray-100 border-gray-300"[39m
                [36m>[39m
                  [36m<div[39m
                    [33mclass[39m=[32m"text-3xl"[39m
                  [36m>[39m
                    [0m­ƒº¢[0m
                  [36m</div>[39m
                  [36m<div[39m
                    [33mclass[39m=[32m"text-xs font-semibold text-gray-900"[39m
                  [36m>[39m
                    [0mBorrar[0m
                  [36m</div>[39m
                [36m</button>[39m
              [36m</div>[39m
              [36m<h3[39m
                [33mclass[39m=[32m"font-semibold text-gray-700 mb-3"[39m
              [36m>[39m
                [0m­ƒÄ¿ Colores:[0m
              [36m</h3>[39m
              [36m<div[39m
                [33mclass[39m=[32m"flex gap-2 justify-center flex-wrap mb-6"[39m
              [36m>[39m
                [36m<button[39m
                  [33mclass[39m=[32m"w-10 h-10 rounded-full border-2 transition border-black 
border-4 scale-110"[39m
                  [33mstyle[39m=[32m"background-color: rgb(239, 68, 68);"[39m
                [36m/>[39m
                [36m<button[39m
                  [33mclass[39m=[32m"w-10 h-10 rounded-full border-2 transition 
border-gray-400"[39m
                  [33mstyle[39m=[32m"background-color: rgb(59, 130, 246);"[39m
                [36m/>[39m
                [36m<button[39m
                  [33mclass[39m=[32m"w-10 h-10 rounded-full border-2 transition 
border-gray-400"[39m
                  [33mstyle[39m=[32m"background-color: rgb(251, 191, 36);"[39m
                [36m/>[39m
                [36m<button[39m
                  [33mclass[39m=[32m"w-10 h-10 rounded-full border-2 transition 
border-gray-400"[39m
                  [33mstyle[39m=[32m"background-color: rgb(16, 185, 129);"[39m
                [36m/>[39m
                [36m<button[39m
                  [33mclass[39m=[32m"w-10 h-10 rounded-full border-2 transition 
border-gray-400"[39m
                  [33mstyle[39m=[32m"background-color: rgb(168, 85, 247);"[39m
                [36m/>[39m
              [36m</div>[39m
              [36m<div[39m
                [33mclass[39m=[32m"flex gap-2"[39m
              [36m>[39m
                [36m<button[39m
                  [33mclass[39m=[32m"flex-1 bg-green-500 hover:bg-green-600 text-white py-3 
rounded-lg font-semibold"[39m
                [36m>[39m
                  [0m­ƒÆ¥ Guardar[0m
                [36m</button>[39m
                [36m<button[39m
                  [33mclass[39m=[32m"flex-1 bg-orange-500 hover:bg-orange-600 text-white py-3 
rounded-lg font-semibold"[39m
                [36m>[39m
                  [0m­ƒöä Reiniciar[0m
                [36m</button>[39m
              [36m</div>[39m
            [36m</aside>[39m
            [36m<main[39m
              [33mclass[39m=[32m"flex-1 flex flex-col p-6"[39m
            [36m>[39m
              [36m<div[39m
                [33mclass[39m=[32m"bg-white rounded-lg shadow-lg flex-1 flex flex-col 
overflow-hidden"[39m
              [36m>[39m
                [36m<div[39m
                  [33mclass[39m=[32m"bg-gray-100 p-4 flex justify-between items-center 
border-b"[39m
                [36m>[39m
                  [36m<h2[39m
                    [33mclass[39m=[32m"text-lg font-bold text-gray-700"[39m
                  [36m>[39m
                    [0m­ƒÄ¡ ├ürea de Escultura[0m
                  [36m</h2>[39m
                [36m</div>[39m
                [36m<div[39m
                  [33mclass[39m=[32m"flex-1 relative bg-gray-50 flex items-center 
justify-center"[39m
                [36m>[39m
                  [36m<canvas[39m
                    [33mclass[39m=[32m"border-2 border-gray-300 rounded-lg 
cursor-crosshair"[39m
                    [33mheight[39m=[32m"600"[39m
                    [33mwidth[39m=[32m"800"[39m
                  [36m/>[39m
                  [36m<button[39m
                    [33mclass[39m=[32m"absolute left-8 top-1/2 -translate-y-1/2 w-12 h-12 
bg-indigo-600 text-white rounded-full text-2xl shadow-lg"[39m
                  [36m>[39m
                    [0mÔå║[0m
                  [36m</button>[39m
                  [36m<button[39m
                    [33mclass[39m=[32m"absolute right-8 top-1/2 -translate-y-1/2 w-12 h-12 
bg-indigo-600 text-white rounded-full text-2xl shadow-lg"[39m
                  [36m>[39m
                    [0mÔå╗[0m
                  [36m</button>[39m
                [36m</div>[39m
              [36m</div>[39m
            [36m</main>[39m
          [36m</div>[39m
        [36m</div>[39m
      [36m</div>[39m
    [36m</body>[39m

    [0m [90m 216 |[39m       render([33m<[39m[33mDigitalSculpture[39m 
[33m/[39m[33m>[39m)[33m;[39m
     [90m 217 |[39m
    [31m[1m>[22m[39m[90m 218 |[39m       expect(screen[33m.[39mgetByText([32m"Paso 
1´©ÅÔâú"[39m))[33m.[39mtoBeInTheDocument()[33m;[39m
     [90m     |[39m                     [31m[1m^[22m[39m
     [90m 219 |[39m       expect(screen[33m.[39mgetByText([32m"Paso 
2´©ÅÔâú"[39m))[33m.[39mtoBeInTheDocument()[33m;[39m
     [90m 220 |[39m       expect(screen[33m.[39mgetByText([32m"Paso 
3´©ÅÔâú"[39m))[33m.[39mtoBeInTheDocument()[33m;[39m
     [90m 221 |[39m     })[33m;[39m[0m

      at Object.getElementError (node_modules/@testing-library/dom/dist/config.js:37:19)
      at node_modules/@testing-library/dom/dist/query-helpers.js:76:38
      at node_modules/@testing-library/dom/dist/query-helpers.js:52:17
      at node_modules/@testing-library/dom/dist/query-helpers.js:95:19
      at Object.<anonymous> (src/components/DigitalSculpture.test.tsx:218:21)

  ÔùÅ DigitalSculpture Component ÔÇ║ RF-ART-004: Sistema de Instrucciones Narradas ÔÇ║ Debe 
renderizar indicadores de compatibilidad

    TestingLibraryElementError: Unable to find an element with the text: /Arrastra para 
moldear/. This could be because the text is broken up by multiple elements. In this case, you 
can provide a function for your text matcher to make your matcher more flexible.

    Ignored nodes: comments, script, style
    [36m<body>[39m
      [36m<div>[39m
        [36m<div[39m
          [33mclass[39m=[32m"h-screen w-full bg-gray-50 flex flex-col overflow-hidden"[39m
        [36m>[39m
          [36m<header[39m
            [33mclass[39m=[32m"bg-indigo-600 text-white px-6 py-4 shadow-lg flex 
justify-between items-center"[39m
          [36m>[39m
            [36m<div>[39m
              [36m<h1[39m
                [33mclass[39m=[32m"text-2xl font-bold"[39m
              [36m>[39m
                [0m­ƒÄ¿ Escultura Digital 3D[0m
              [36m</h1>[39m
              [36m<p[39m
                [33mclass[39m=[32m"text-sm text-indigo-200"[39m
              [36m>[39m
                [0mM├│dulo interactivo - Mentes Creativas[0m
              [36m</p>[39m
            [36m</div>[39m
            [36m<button[39m
              [33mclass[39m=[32m"bg-yellow-500 hover:bg-yellow-600 px-4 py-2 rounded-full 
font-semibold transition"[39m
            [36m>[39m
              [0m­ƒöè [0m
              [0mActivar narraci├│n[0m
            [36m</button>[39m
          [36m</header>[39m
          [36m<div[39m
            [33mclass[39m=[32m"flex-1 flex overflow-hidden"[39m
          [36m>[39m
            [36m<aside[39m
              [33mclass[39m=[32m"w-72 bg-white border-r border-gray-200 p-4 
overflow-y-auto"[39m
            [36m>[39m
              [36m<h2[39m
                [33mclass[39m=[32m"text-lg font-bold mb-4 text-indigo-600"[39m
              [36m>[39m
                [0m­ƒøá´©Å Herramientas[0m
              [36m</h2>[39m
              [36m<div[39m
                [33mclass[39m=[32m"grid grid-cols-2 gap-3 mb-4"[39m
              [36m>[39m
                [36m<button[39m
                  [33mclass[39m=[32m"h-24 rounded-lg border-2 transition flex flex-col 
items-center justify-center bg-gray-100 border-gray-300"[39m
                [36m>[39m
                  [36m<div[39m
                    [33mclass[39m=[32m"text-3xl"[39m
                  [36m>[39m
                    [0mÔ£ï[0m
                  [36m</div>[39m
                  [36m<div[39m
                    [33mclass[39m=[32m"text-xs font-semibold text-gray-900"[39m
                  [36m>[39m
                    [0mMoldear[0m
                  [36m</div>[39m
                [36m</button>[39m
                [36m<button[39m
                  [33mclass[39m=[32m"h-24 rounded-lg border-2 transition flex flex-col 
items-center justify-center bg-gray-100 border-gray-300"[39m
                [36m>[39m
                  [36m<div[39m
                    [33mclass[39m=[32m"text-3xl"[39m
                  [36m>[39m
                    [0mÔ×ò[0m
                  [36m</div>[39m
                  [36m<div[39m
                    [33mclass[39m=[32m"text-xs font-semibold text-gray-900"[39m
                  [36m>[39m
                    [0mA├▒adir[0m
                  [36m</div>[39m
                [36m</button>[39m
                [36m<button[39m
                  [33mclass[39m=[32m"h-24 rounded-lg border-2 transition flex flex-col 
items-center justify-center bg-gray-100 border-gray-300"[39m
                [36m>[39m
                  [36m<div[39m
                    [33mclass[39m=[32m"text-3xl"[39m
                  [36m>[39m
                    [0m­ƒîè[0m
                  [36m</div>[39m
                  [36m<div[39m
                    [33mclass[39m=[32m"text-xs font-semibold text-gray-900"[39m
                  [36m>[39m
                    [0mSuavizar[0m
                  [36m</div>[39m
                [36m</button>[39m
                [36m<button[39m
                  [33mclass[39m=[32m"h-24 rounded-lg border-2 transition flex flex-col 
items-center justify-center bg-gray-100 border-gray-300"[39m
                [36m>[39m
                  [36m<div[39m
                    [33mclass[39m=[32m"text-3xl"[39m
                  [36m>[39m
                    [0m­ƒöì[0m
                  [36m</div>[39m
                  [36m<div[39m
                    [33mclass[39m=[32m"text-xs font-semibold text-gray-900"[39m
                  [36m>[39m
                    [0mDetalle[0m
                  [36m</div>[39m
                [36m</button>[39m
                [36m<button[39m
                  [33mclass[39m=[32m"h-24 rounded-lg border-2 transition flex flex-col 
items-center justify-center bg-gray-100 border-gray-300"[39m
                [36m>[39m
                  [36m<div[39m
                    [33mclass[39m=[32m"text-3xl"[39m
                  [36m>[39m
                    [0m­ƒÄ¿[0m
                  [36m</div>[39m
                  [36m<div[39m
                    [33mclass[39m=[32m"text-xs font-semibold text-gray-900"[39m
                  [36m>[39m
                    [0mPintar[0m
                  [36m</div>[39m
                [36m</button>[39m
                [36m<button[39m
                  [33mclass[39m=[32m"h-24 rounded-lg border-2 transition flex flex-col 
items-center justify-center bg-gray-100 border-gray-300"[39m
                [36m>[39m
                  [36m<div[39m
                    [33mclass[39m=[32m"text-3xl"[39m
                  [36m>[39m
                    [0m­ƒº¢[0m
                  [36m</div>[39m
                  [36m<div[39m
                    [33mclass[39m=[32m"text-xs font-semibold text-gray-900"[39m
                  [36m>[39m
                    [0mBorrar[0m
                  [36m</div>[39m
                [36m</button>[39m
              [36m</div>[39m
              [36m<h3[39m
                [33mclass[39m=[32m"font-semibold text-gray-700 mb-3"[39m
              [36m>[39m
                [0m­ƒÄ¿ Colores:[0m
              [36m</h3>[39m
              [36m<div[39m
                [33mclass[39m=[32m"flex gap-2 justify-center flex-wrap mb-6"[39m
              [36m>[39m
                [36m<button[39m
                  [33mclass[39m=[32m"w-10 h-10 rounded-full border-2 transition border-black 
border-4 scale-110"[39m
                  [33mstyle[39m=[32m"background-color: rgb(239, 68, 68);"[39m
                [36m/>[39m
                [36m<button[39m
                  [33mclass[39m=[32m"w-10 h-10 rounded-full border-2 transition 
border-gray-400"[39m
                  [33mstyle[39m=[32m"background-color: rgb(59, 130, 246);"[39m
                [36m/>[39m
                [36m<button[39m
                  [33mclass[39m=[32m"w-10 h-10 rounded-full border-2 transition 
border-gray-400"[39m
                  [33mstyle[39m=[32m"background-color: rgb(251, 191, 36);"[39m
                [36m/>[39m
                [36m<button[39m
                  [33mclass[39m=[32m"w-10 h-10 rounded-full border-2 transition 
border-gray-400"[39m
                  [33mstyle[39m=[32m"background-color: rgb(16, 185, 129);"[39m
                [36m/>[39m
                [36m<button[39m
                  [33mclass[39m=[32m"w-10 h-10 rounded-full border-2 transition 
border-gray-400"[39m
                  [33mstyle[39m=[32m"background-color: rgb(168, 85, 247);"[39m
                [36m/>[39m
              [36m</div>[39m
              [36m<div[39m
                [33mclass[39m=[32m"flex gap-2"[39m
              [36m>[39m
                [36m<button[39m
                  [33mclass[39m=[32m"flex-1 bg-green-500 hover:bg-green-600 text-white py-3 
rounded-lg font-semibold"[39m
                [36m>[39m
                  [0m­ƒÆ¥ Guardar[0m
                [36m</button>[39m
                [36m<button[39m
                  [33mclass[39m=[32m"flex-1 bg-orange-500 hover:bg-orange-600 text-white py-3 
rounded-lg font-semibold"[39m
                [36m>[39m
                  [0m­ƒöä Reiniciar[0m
                [36m</button>[39m
              [36m</div>[39m
            [36m</aside>[39m
            [36m<main[39m
              [33mclass[39m=[32m"flex-1 flex flex-col p-6"[39m
            [36m>[39m
              [36m<div[39m
                [33mclass[39m=[32m"bg-white rounded-lg shadow-lg flex-1 flex flex-col 
overflow-hidden"[39m
              [36m>[39m
                [36m<div[39m
                  [33mclass[39m=[32m"bg-gray-100 p-4 flex justify-between items-center 
border-b"[39m
                [36m>[39m
                  [36m<h2[39m
                    [33mclass[39m=[32m"text-lg font-bold text-gray-700"[39m
                  [36m>[39m
                    [0m­ƒÄ¡ ├ürea de Escultura[0m
                  [36m</h2>[39m
                [36m</div>[39m
                [36m<div[39m
                  [33mclass[39m=[32m"flex-1 relative bg-gray-50 flex items-center 
justify-center"[39m
                [36m>[39m
                  [36m<canvas[39m
                    [33mclass[39m=[32m"border-2 border-gray-300 rounded-lg 
cursor-crosshair"[39m
                    [33mheight[39m=[32m"600"[39m
                    [33mwidth[39m=[32m"800"[39m
                  [36m/>[39m
                  [36m<button[39m
                    [33mclass[39m=[32m"absolute left-8 top-1/2 -translate-y-1/2 w-12 h-12 
bg-indigo-600 text-white rounded-full text-2xl shadow-lg"[39m
                  [36m>[39m
                    [0mÔå║[0m
                  [36m</button>[39m
                  [36m<button[39m
                    [33mclass[39m=[32m"absolute right-8 top-1/2 -translate-y-1/2 w-12 h-12 
bg-indigo-600 text-white rounded-full text-2xl shadow-lg"[39m
                  [36m>[39m
                    [0mÔå╗[0m
                  [36m</button>[39m
                [36m</div>[39m
              [36m</div>[39m
            [36m</main>[39m
          [36m</div>[39m
        [36m</div>[39m
      [36m</div>[39m
    [36m</body>[39m

    [0m [90m 224 |[39m       render([33m<[39m[33mDigitalSculpture[39m 
[33m/[39m[33m>[39m)[33m;[39m
     [90m 225 |[39m
    [31m[1m>[22m[39m[90m 226 |[39m       expect(screen[33m.[39mgetByText([35m/Arrastra 
para moldear/[39m))[33m.[39mtoBeInTheDocument()[33m;[39m
     [90m     |[39m                     [31m[1m^[22m[39m
     [90m 227 |[39m       expect(screen[33m.[39mgetByText([35m/Compatible 
t├íctil/[39m))[33m.[39mtoBeInTheDocument()[33m;[39m
     [90m 228 |[39m     })[33m;[39m
     [90m 229 |[39m   })[33m;[39m[0m

      at Object.getElementError (node_modules/@testing-library/dom/dist/config.js:37:19)
      at node_modules/@testing-library/dom/dist/query-helpers.js:76:38
      at node_modules/@testing-library/dom/dist/query-helpers.js:52:17
      at node_modules/@testing-library/dom/dist/query-helpers.js:95:19
      at Object.<anonymous> (src/components/DigitalSculpture.test.tsx:226:21)

PASS src/App.test.tsx (9.009 s)

Test Suites: 2 failed, 8 passed, 10 total
Tests:       11 failed, 49 passed, 60 total
Snapshots:   0 total
Time:        11.717 s
Ran all test suites.
